
Allocating common symbols
Common symbol       size              file

user_pool           0x10              build/memory.o
intr_name           0x84              build/interrupt.o
kernel_vaddr        0xc               build/memory.o
idt_table           0x84              build/interrupt.o
kernel_pool         0x10              build/memory.o

Discarded input sections

 .note.GNU-stack
                0x0000000000000000        0x0 build/main.o
 .note.GNU-stack
                0x0000000000000000        0x0 build/init.o
 .note.GNU-stack
                0x0000000000000000        0x0 build/interrupt.o
 .note.GNU-stack
                0x0000000000000000        0x0 build/timer.o
 .note.GNU-stack
                0x0000000000000000        0x0 build/debug.o
 .note.GNU-stack
                0x0000000000000000        0x0 build/memory.o
 .note.GNU-stack
                0x0000000000000000        0x0 build/bitmap.o
 .note.GNU-stack
                0x0000000000000000        0x0 build/string.o

Memory Configuration

Name             Origin             Length             Attributes
*default*        0x0000000000000000 0xffffffffffffffff

Linker script and memory map

Address of section .text set to 0xc0001500
LOAD build/main.o
LOAD build/init.o
LOAD build/interrupt.o
LOAD build/timer.o
LOAD build/kernel.o
LOAD build/print.o
LOAD build/debug.o
LOAD build/memory.o
LOAD build/bitmap.o
LOAD build/string.o
                0x0000000008048000                PROVIDE (__executable_start, 0x8048000)
                0x0000000008048094                . = (0x8048000 + SIZEOF_HEADERS)

.interp
 *(.interp)

.note.gnu.build-id
 *(.note.gnu.build-id)

.hash
 *(.hash)

.gnu.hash
 *(.gnu.hash)

.dynsym
 *(.dynsym)

.dynstr
 *(.dynstr)

.gnu.version
 *(.gnu.version)

.gnu.version_d
 *(.gnu.version_d)

.gnu.version_r
 *(.gnu.version_r)

.rel.dyn        0x0000000008048094        0x0
 *(.rel.init)
 *(.rel.text .rel.text.* .rel.gnu.linkonce.t.*)
 .rel.text      0x0000000000000000        0x0 build/main.o
 *(.rel.fini)
 *(.rel.rodata .rel.rodata.* .rel.gnu.linkonce.r.*)
 *(.rel.data.rel.ro* .rel.gnu.linkonce.d.rel.ro.*)
 *(.rel.data .rel.data.* .rel.gnu.linkonce.d.*)
 *(.rel.tdata .rel.tdata.* .rel.gnu.linkonce.td.*)
 *(.rel.tbss .rel.tbss.* .rel.gnu.linkonce.tb.*)
 *(.rel.ctors)
 *(.rel.dtors)
 *(.rel.got)
 *(.rel.sharable_data .rel.sharable_data.* .rel.gnu.linkonce.shrd.*)
 *(.rel.sharable_bss .rel.sharable_bss.* .rel.gnu.linkonce.shrb.*)
 *(.rel.bss .rel.bss.* .rel.gnu.linkonce.b.*)
 *(.rel.ifunc)

.rel.plt        0x0000000008048094        0x0
 *(.rel.plt)
                0x0000000008048094                PROVIDE (__rel_iplt_start, .)
 *(.rel.iplt)
 .rel.iplt      0x0000000000000000        0x0 build/main.o
                0x0000000008048094                PROVIDE (__rel_iplt_end, .)

.init
 *(.init)

.plt            0x0000000008048094        0x0
 *(.plt)
 *(.iplt)
 .iplt          0x0000000000000000        0x0 build/main.o

.text           0x00000000c0001500     0x1770
 *(.text.unlikely .text.*_unlikely)
 *(.text .stub .text.* .gnu.linkonce.t.*)
 .text          0x00000000c0001500       0x79 build/main.o
                0x00000000c0001500                main
 *fill*         0x00000000c0001579        0x3 90909090
 .text          0x00000000c000157c       0x23 build/init.o
                0x00000000c000157c                init_all
 *fill*         0x00000000c000159f        0x1 90909090
 .text          0x00000000c00015a0      0x3b7 build/interrupt.o
                0x00000000c0001866                intr_enable
                0x00000000c000188e                intr_disable
                0x00000000c00018b6                intr_set_status
                0x00000000c00018d6                intr_get_status
                0x00000000c00018f9                idt_init
 *fill*         0x00000000c0001957        0x1 90909090
 .text          0x00000000c0001958      0x100 build/timer.o
                0x00000000c0001a0c                timer_init
 *fill*         0x00000000c0001a58        0x8 90909090
 .text          0x00000000c0001a60      0x45a build/kernel.o
                0x00000000c0001a60                intr_exit
 *fill*         0x00000000c0001eba        0x6 90909090
 .text          0x00000000c0001ec0       0xfa build/print.o
                0x00000000c0001ec0                put_char
                0x00000000c0001f96                put_str
 *fill*         0x00000000c0001fba        0x2 90909090
 .text          0x00000000c0001fbc       0xa5 build/debug.o
                0x00000000c0001fbc                panic_spin
 *fill*         0x00000000c0002061        0x3 90909090
 .text          0x00000000c0002064      0x555 build/memory.o
                0x00000000c00020e9                pte_ptr
                0x00000000c000211a                pde_ptr
                0x00000000c00022ca                malloc_page
                0x00000000c0002394                get_kernel_pages
                0x00000000c0002584                mem_init
 *fill*         0x00000000c00025b9        0x3 90909090
 .text          0x00000000c00025bc      0x270 build/bitmap.o
                0x00000000c00025bc                bitmap_init
                0x00000000c00025e3                bitmap_scan_test
                0x00000000c0002625                bitmap_scan
                0x00000000c0002773                bitmap_set
 .text          0x00000000c000282c      0x444 build/string.o
                0x00000000c000282c                memset
                0x00000000c0002888                memcpy
                0x00000000c00028f0                memcmp
                0x00000000c0002980                strcpy
                0x00000000c00029e3                strlen
                0x00000000c0002a39                strcmp
                0x00000000c0002ac0                strchr
                0x00000000c0002b20                strrchr
                0x00000000c0002b89                strcat
                0x00000000c0002c03                strchrs
 *(.gnu.warning)

.fini
 *(.fini)
                0x00000000c0002c70                PROVIDE (__etext, .)
                0x00000000c0002c70                PROVIDE (_etext, .)
                0x00000000c0002c70                PROVIDE (etext, .)

.rodata         0x00000000c0002c70      0x564
 *(.rodata .rodata.* .gnu.linkonce.r.*)
 .rodata        0x00000000c0002c70       0x4c build/main.o
 .rodata        0x00000000c0002cbc        0xa build/init.o
 *fill*         0x00000000c0002cc6        0x2 00
 .rodata        0x00000000c0002cc8      0x25d build/interrupt.o
 .rodata        0x00000000c0002f25       0x23 build/timer.o
 .rodata        0x00000000c0002f48       0x3f build/debug.o
 *fill*         0x00000000c0002f87        0x1 00
 .rodata        0x00000000c0002f88      0x110 build/memory.o
 .rodata        0x00000000c0003098       0x64 build/bitmap.o
 .rodata        0x00000000c00030fc       0xd8 build/string.o

.rodata1
 *(.rodata1)

.eh_frame_hdr
 *(.eh_frame_hdr)

.eh_frame
 *(.eh_frame)

.gcc_except_table
 *(.gcc_except_table .gcc_except_table.*)
                0x00000000c00031d4                . = (ALIGN (0x1000) - ((0x1000 - .) & 0xfff))
                0x00000000c00041d4                . = (0x1000 DATA_SEGMENT_ALIGN 0x1000)

.eh_frame
 *(.eh_frame)

.gcc_except_table
 *(.gcc_except_table .gcc_except_table.*)

.tdata
 *(.tdata .tdata.* .gnu.linkonce.td.*)

.tbss
 *(.tbss .tbss.* .gnu.linkonce.tb.*)
 *(.tcommon)

.preinit_array  0x00000000c00041d4        0x0
                0x00000000c00041d4                PROVIDE (__preinit_array_start, .)
 *(.preinit_array)
                0x00000000c00041d4                PROVIDE (__preinit_array_end, .)

.init_array     0x00000000c00041d4        0x0
                0x00000000c00041d4                PROVIDE (__init_array_start, .)
 *(SORT(.init_array.*))
 *(.init_array)
                0x00000000c00041d4                PROVIDE (__init_array_end, .)

.fini_array     0x00000000c00041d4        0x0
                0x00000000c00041d4                PROVIDE (__fini_array_start, .)
 *(.fini_array)
 *(SORT(.fini_array.*))
                0x00000000c00041d4                PROVIDE (__fini_array_end, .)

.ctors
 *crtbegin.o(.ctors)
 *crtbegin?.o(.ctors)
 *(EXCLUDE_FILE(*crtend?.o *crtend.o) .ctors)
 *(SORT(.ctors.*))
 *(.ctors)

.dtors
 *crtbegin.o(.dtors)
 *crtbegin?.o(.dtors)
 *(EXCLUDE_FILE(*crtend?.o *crtend.o) .dtors)
 *(SORT(.dtors.*))
 *(.dtors)

.jcr
 *(.jcr)

.data.rel.ro
 *(.data.rel.ro.local* .gnu.linkonce.d.rel.ro.local.*)
 *(.data.rel.ro* .gnu.linkonce.d.rel.ro.*)

.dynamic
 *(.dynamic)

.got
 *(.got)
 *(.igot)
                0x00000000c00041d4                . = (. DATA_SEGMENT_RELRO_END 0xc)

.got.plt        0x00000000c00041d4        0x0
 *(.got.plt)
 *(.igot.plt)
 .igot.plt      0x0000000000000000        0x0 build/main.o

.data           0x00000000c00041d4      0x11c
 *(.data .data.* .gnu.linkonce.d.*)
 .data          0x00000000c00041d4        0x0 build/main.o
 .data          0x00000000c00041d4        0x0 build/init.o
 .data          0x00000000c00041d4        0x0 build/interrupt.o
 .data          0x00000000c00041d4        0x0 build/timer.o
 .data          0x00000000c00041d4       0x96 build/kernel.o
                0x00000000c00041e6                intr_entry_table
 *fill*         0x00000000c000426a        0x2 00
 .data          0x00000000c000426c       0x83 build/print.o
                0x00000000c0004274                put_int
 *fill*         0x00000000c00042ef        0x1 00
 .data          0x00000000c00042f0        0x0 build/debug.o
 .data          0x00000000c00042f0        0x0 build/memory.o
 .data          0x00000000c00042f0        0x0 build/bitmap.o
 .data          0x00000000c00042f0        0x0 build/string.o

.data1
 *(.data1)

.sharable_data  0x00000000c0005000        0x0
                0x00000000c0005000                PROVIDE (__sharable_data_start, .)
 *(.sharable_data .sharable_data.* .gnu.linkonce.shrd.*)
                0x00000000c0005000                . = ALIGN ((. != 0x0)?0x1000:0x1)
                0x00000000c0005000                PROVIDE (__sharable_data_end, .)
                0x00000000c0005000                _edata = .
                0x00000000c0005000                PROVIDE (edata, .)
                0x00000000c0005000                __bss_start = .

.bss            0x00000000c0004300      0x270
 *(.dynbss)
 *(.bss .bss.* .gnu.linkonce.b.*)
 .bss           0x00000000c0004300        0x0 build/main.o
 .bss           0x00000000c0004300        0x0 build/init.o
 .bss           0x00000000c0004300      0x108 build/interrupt.o
 .bss           0x00000000c0004408        0x0 build/timer.o
 .bss           0x00000000c0004408        0x0 build/debug.o
 .bss           0x00000000c0004408        0x0 build/memory.o
 .bss           0x00000000c0004408        0x0 build/bitmap.o
 .bss           0x00000000c0004408        0x0 build/string.o
 *(COMMON)
 *fill*         0x00000000c0004408       0x18 00
 COMMON         0x00000000c0004420      0x124 build/interrupt.o
                0x00000000c0004420                intr_name
                0x00000000c00044c0                idt_table
 COMMON         0x00000000c0004544       0x2c build/memory.o
                0x00000000c0004544                user_pool
                0x00000000c0004554                kernel_vaddr
                0x00000000c0004560                kernel_pool
                0x00000000c0004570                . = ALIGN ((. != 0x0)?0x4:0x1)

.sharable_bss   0x00000000c0005000        0x0
                0x00000000c0005000                PROVIDE (__sharable_bss_start, .)
 *(.dynsharablebss)
 *(.sharable_bss .sharable_bss.* .gnu.linkonce.shrb.*)
 *(SHARABLE_COMMON)
                0x00000000c0005000                . = ALIGN ((. != 0x0)?0x1000:0x1)
                0x00000000c0005000                PROVIDE (__sharable_bss_end, .)
                0x00000000c0005000                . = ALIGN (0x4)
                0x00000000c0005000                . = ALIGN (0x4)
                0x00000000c0005000                _end = .
                0x00000000c0005000                PROVIDE (end, .)
                0x00000000c0005000                . = DATA_SEGMENT_END (.)

.stab
 *(.stab)

.stabstr
 *(.stabstr)

.stab.excl
 *(.stab.excl)

.stab.exclstr
 *(.stab.exclstr)

.stab.index
 *(.stab.index)

.stab.indexstr
 *(.stab.indexstr)

.comment        0x0000000000000000       0x2d
 *(.comment)
 .comment       0x0000000000000000       0x2d build/main.o
                                         0x2e (size before relaxing)
 .comment       0x0000000000000000       0x2e build/init.o
 .comment       0x0000000000000000       0x2e build/interrupt.o
 .comment       0x0000000000000000       0x2e build/timer.o
 .comment       0x0000000000000000       0x2e build/debug.o
 .comment       0x0000000000000000       0x2e build/memory.o
 .comment       0x0000000000000000       0x2e build/bitmap.o
 .comment       0x0000000000000000       0x2e build/string.o

.debug
 *(.debug)

.line
 *(.line)

.debug_srcinfo
 *(.debug_srcinfo)

.debug_sfnames
 *(.debug_sfnames)

.debug_aranges
 *(.debug_aranges)

.debug_pubnames
 *(.debug_pubnames)

.debug_info
 *(.debug_info .gnu.linkonce.wi.*)

.debug_abbrev
 *(.debug_abbrev)

.debug_line
 *(.debug_line)

.debug_frame
 *(.debug_frame)

.debug_str
 *(.debug_str)

.debug_loc
 *(.debug_loc)

.debug_macinfo
 *(.debug_macinfo)

.debug_weaknames
 *(.debug_weaknames)

.debug_funcnames
 *(.debug_funcnames)

.debug_typenames
 *(.debug_typenames)

.debug_varnames
 *(.debug_varnames)

.debug_pubtypes
 *(.debug_pubtypes)

.debug_ranges
 *(.debug_ranges)

.gnu.attributes
 *(.gnu.attributes)

/DISCARD/
 *(.note.GNU-stack)
 *(.gnu_debuglink)
 *(.gnu.lto_*)
OUTPUT(build/kernel.bin elf32-i386)
