
Allocating common symbols
Common symbol       size              file

thread_ready_list   0x10              build/thread.o
thread_all_list     0x10              build/thread.o
user_pool           0x10              build/memory.o
intr_name           0xc0              build/interrupt.o
main_thread         0x4               build/thread.o
ticks               0x4               build/timer.o
kernel_vaddr        0xc               build/memory.o
idt_table           0xc0              build/interrupt.o
kernel_pool         0x10              build/memory.o

Discarded input sections

 .note.GNU-stack
                0x0000000000000000        0x0 build/main.o
 .note.GNU-stack
                0x0000000000000000        0x0 build/init.o
 .note.GNU-stack
                0x0000000000000000        0x0 build/interrupt.o
 .note.GNU-stack
                0x0000000000000000        0x0 build/timer.o
 .note.GNU-stack
                0x0000000000000000        0x0 build/debug.o
 .note.GNU-stack
                0x0000000000000000        0x0 build/memory.o
 .note.GNU-stack
                0x0000000000000000        0x0 build/bitmap.o
 .note.GNU-stack
                0x0000000000000000        0x0 build/string.o
 .note.GNU-stack
                0x0000000000000000        0x0 build/thread.o
 .note.GNU-stack
                0x0000000000000000        0x0 build/list.o
 .note.GNU-stack
                0x0000000000000000        0x0 build/console.o
 .note.GNU-stack
                0x0000000000000000        0x0 build/sync.o
 .note.GNU-stack
                0x0000000000000000        0x0 build/keyboard.o

Memory Configuration

Name             Origin             Length             Attributes
*default*        0x0000000000000000 0xffffffffffffffff

Linker script and memory map

Address of section .text set to 0xc0001500
LOAD build/main.o
LOAD build/init.o
LOAD build/interrupt.o
LOAD build/timer.o
LOAD build/kernel.o
LOAD build/print.o
LOAD build/debug.o
LOAD build/memory.o
LOAD build/bitmap.o
LOAD build/string.o
LOAD build/thread.o
LOAD build/list.o
LOAD build/switch.o
LOAD build/console.o
LOAD build/sync.o
LOAD build/keyboard.o
                0x0000000008048000                PROVIDE (__executable_start, 0x8048000)
                0x0000000008048094                . = (0x8048000 + SIZEOF_HEADERS)

.interp
 *(.interp)

.note.gnu.build-id
 *(.note.gnu.build-id)

.hash
 *(.hash)

.gnu.hash
 *(.gnu.hash)

.dynsym
 *(.dynsym)

.dynstr
 *(.dynstr)

.gnu.version
 *(.gnu.version)

.gnu.version_d
 *(.gnu.version_d)

.gnu.version_r
 *(.gnu.version_r)

.rel.dyn        0x0000000008048094        0x0
 *(.rel.init)
 *(.rel.text .rel.text.* .rel.gnu.linkonce.t.*)
 .rel.text      0x0000000000000000        0x0 build/main.o
 *(.rel.fini)
 *(.rel.rodata .rel.rodata.* .rel.gnu.linkonce.r.*)
 *(.rel.data.rel.ro* .rel.gnu.linkonce.d.rel.ro.*)
 *(.rel.data .rel.data.* .rel.gnu.linkonce.d.*)
 *(.rel.tdata .rel.tdata.* .rel.gnu.linkonce.td.*)
 *(.rel.tbss .rel.tbss.* .rel.gnu.linkonce.tb.*)
 *(.rel.ctors)
 *(.rel.dtors)
 *(.rel.got)
 *(.rel.sharable_data .rel.sharable_data.* .rel.gnu.linkonce.shrd.*)
 *(.rel.sharable_bss .rel.sharable_bss.* .rel.gnu.linkonce.shrb.*)
 *(.rel.bss .rel.bss.* .rel.gnu.linkonce.b.*)
 *(.rel.ifunc)

.rel.plt        0x0000000008048094        0x0
 *(.rel.plt)
                0x0000000008048094                PROVIDE (__rel_iplt_start, .)
 *(.rel.iplt)
 .rel.iplt      0x0000000000000000        0x0 build/main.o
                0x0000000008048094                PROVIDE (__rel_iplt_end, .)

.init
 *(.init)

.plt            0x0000000008048094        0x0
 *(.plt)
 *(.iplt)
 .iplt          0x0000000000000000        0x0 build/main.o

.text           0x00000000c0001500     0x2711
 *(.text.unlikely .text.*_unlikely)
 *(.text .stub .text.* .gnu.linkonce.t.*)
 .text          0x00000000c0001500       0x53 build/main.o
                0x00000000c0001500                main
                0x00000000c0001521                k_thread_a
                0x00000000c000153a                k_thread_b
 *fill*         0x00000000c0001553        0x1 90909090
 .text          0x00000000c0001554       0x32 build/init.o
                0x00000000c0001554                init_all
 *fill*         0x00000000c0001586        0x2 90909090
 .text          0x00000000c0001588      0x452 build/interrupt.o
                0x00000000c00018cd                register_handler
                0x00000000c00018e9                intr_enable
                0x00000000c0001912                intr_disable
                0x00000000c000193b                intr_set_status
                0x00000000c0001959                intr_get_status
                0x00000000c000197c                idt_init
 *fill*         0x00000000c00019da        0x2 90909090
 .text          0x00000000c00019dc      0x195 build/timer.o
                0x00000000c0001b11                timer_init
 *fill*         0x00000000c0001b71        0xf 90909090
 .text          0x00000000c0001b80      0x648 build/kernel.o
                0x00000000c0001b80                intr_exit
 *fill*         0x00000000c00021c8        0x8 90909090
 .text          0x00000000c00021d0      0x1a0 build/print.o
                0x00000000c00021d0                put_str
                0x00000000c00021f4                put_char
                0x00000000c00022cb                put_int
                0x00000000c000234c                set_cursor
 .text          0x00000000c0002370       0xa5 build/debug.o
                0x00000000c0002370                panic_spin
 *fill*         0x00000000c0002415        0x3 90909090
 .text          0x00000000c0002418      0x555 build/memory.o
                0x00000000c000249d                pte_ptr
                0x00000000c00024ce                pde_ptr
                0x00000000c000267e                malloc_page
                0x00000000c0002748                get_kernel_pages
                0x00000000c0002938                mem_init
 *fill*         0x00000000c000296d        0x3 90909090
 .text          0x00000000c0002970      0x270 build/bitmap.o
                0x00000000c0002970                bitmap_init
                0x00000000c0002997                bitmap_scan_test
                0x00000000c00029d9                bitmap_scan
                0x00000000c0002b27                bitmap_set
 .text          0x00000000c0002be0      0x448 build/string.o
                0x00000000c0002be0                memset
                0x00000000c0002c3c                memcpy
                0x00000000c0002ca4                memcmp
                0x00000000c0002d34                strcpy
                0x00000000c0002d97                strlen
                0x00000000c0002df1                strcmp
                0x00000000c0002e78                strchr
                0x00000000c0002ed8                strrchr
                0x00000000c0002f41                strcat
                0x00000000c0002fbb                strchrs
 .text          0x00000000c0003028      0x58e build/thread.o
                0x00000000c0003028                running_thread
                0x00000000c0003053                thread_create
                0x00000000c00030c9                init_thread
                0x00000000c0003164                thread_start
                0x00000000c00032df                schedule
                0x00000000c0003407                thread_block
                0x00000000c000346e                thread_unblock
                0x00000000c0003579                thread_init
 *fill*         0x00000000c00035b6        0x2 90909090
 .text          0x00000000c00035b8      0x1e4 build/list.o
                0x00000000c00035b8                list_init
                0x00000000c00035e5                list_insert_before
                0x00000000c0003626                list_push
                0x00000000c0003643                list_append
                0x00000000c0003660                list_remove
                0x00000000c0003696                list_pop
                0x00000000c00036b5                elem_find
                0x00000000c00036f0                list_traversal
                0x00000000c000374e                list_len
                0x00000000c0003783                list_empty
 *fill*         0x00000000c000379c        0x4 90909090
 .text          0x00000000c00037a0       0x15 build/switch.o
                0x00000000c00037a0                switch_to
 *fill*         0x00000000c00037b5        0x3 90909090
 .text          0x00000000c00037b8       0x9a build/console.o
                0x00000000c00037b8                console_init
                0x00000000c00037cc                console_acquire
                0x00000000c00037e0                console_release
                0x00000000c00037f4                console_put_str
                0x00000000c0003811                console_put_char
                0x00000000c0003835                console_put_int
 *fill*         0x00000000c0003852        0x2 90909090
 .text          0x00000000c0003854      0x347 build/sync.o
                0x00000000c0003854                sema_init
                0x00000000c0003879                lock_init
                0x00000000c00038aa                sema_down
                0x00000000c00039be                sema_up
                0x00000000c0003a74                lock_acquire
                0x00000000c0003af0                lock_release
 *fill*         0x00000000c0003b9b        0x1 90909090
 .text          0x00000000c0003b9c       0x75 build/keyboard.o
                0x00000000c0003bdd                keyboard_init
 *(.gnu.warning)

.fini
 *(.fini)
                0x00000000c0003c11                PROVIDE (__etext, .)
                0x00000000c0003c11                PROVIDE (_etext, .)
                0x00000000c0003c11                PROVIDE (etext, .)

.rodata         0x00000000c0003c14      0x9f0
 *(.rodata .rodata.* .gnu.linkonce.r.*)
 .rodata        0x00000000c0003c14        0xd build/main.o
 .rodata        0x00000000c0003c21        0xa build/init.o
 *fill*         0x00000000c0003c2b        0x1 00
 .rodata        0x00000000c0003c2c      0x2c1 build/interrupt.o
 *fill*         0x00000000c0003eed        0x3 00
 .rodata        0x00000000c0003ef0       0x6b build/timer.o
 .rodata        0x00000000c0003f5b       0x3f build/debug.o
 *fill*         0x00000000c0003f9a        0x2 00
 .rodata        0x00000000c0003f9c      0x110 build/memory.o
 .rodata        0x00000000c00040ac       0x68 build/bitmap.o
 .rodata        0x00000000c0004114       0xd8 build/string.o
 .rodata        0x00000000c00041ec      0x2be build/thread.o
 *fill*         0x00000000c00044aa        0x2 00
 .rodata        0x00000000c00044ac      0x12f build/sync.o
 .rodata        0x00000000c00045db       0x29 build/keyboard.o

.rodata1
 *(.rodata1)

.eh_frame_hdr
 *(.eh_frame_hdr)

.eh_frame
 *(.eh_frame)

.gcc_except_table
 *(.gcc_except_table .gcc_except_table.*)
                0x00000000c0004604                . = (ALIGN (0x1000) - ((0x1000 - .) & 0xfff))
                0x00000000c0005604                . = (0x1000 DATA_SEGMENT_ALIGN 0x1000)

.eh_frame
 *(.eh_frame)

.gcc_except_table
 *(.gcc_except_table .gcc_except_table.*)

.tdata
 *(.tdata .tdata.* .gnu.linkonce.td.*)

.tbss
 *(.tbss .tbss.* .gnu.linkonce.tb.*)
 *(.tcommon)

.preinit_array  0x00000000c0005604        0x0
                0x00000000c0005604                PROVIDE (__preinit_array_start, .)
 *(.preinit_array)
                0x00000000c0005604                PROVIDE (__preinit_array_end, .)

.init_array     0x00000000c0005604        0x0
                0x00000000c0005604                PROVIDE (__init_array_start, .)
 *(SORT(.init_array.*))
 *(.init_array)
                0x00000000c0005604                PROVIDE (__init_array_end, .)

.fini_array     0x00000000c0005604        0x0
                0x00000000c0005604                PROVIDE (__fini_array_start, .)
 *(.fini_array)
 *(SORT(.fini_array.*))
                0x00000000c0005604                PROVIDE (__fini_array_end, .)

.ctors
 *crtbegin.o(.ctors)
 *crtbegin?.o(.ctors)
 *(EXCLUDE_FILE(*crtend?.o *crtend.o) .ctors)
 *(SORT(.ctors.*))
 *(.ctors)

.dtors
 *crtbegin.o(.dtors)
 *crtbegin?.o(.dtors)
 *(EXCLUDE_FILE(*crtend?.o *crtend.o) .dtors)
 *(SORT(.dtors.*))
 *(.dtors)

.jcr
 *(.jcr)

.data.rel.ro
 *(.data.rel.ro.local* .gnu.linkonce.d.rel.ro.local.*)
 *(.data.rel.ro* .gnu.linkonce.d.rel.ro.*)

.dynamic
 *(.dynamic)

.got
 *(.got)
 *(.igot)
                0x00000000c0005604                . = (. DATA_SEGMENT_RELRO_END 0xc)

.got.plt        0x00000000c0005604        0x0
 *(.got.plt)
 *(.igot.plt)
 .igot.plt      0x0000000000000000        0x0 build/main.o

.data           0x00000000c0005604       0xdc
 *(.data .data.* .gnu.linkonce.d.*)
 .data          0x00000000c0005604        0x0 build/main.o
 .data          0x00000000c0005604        0x0 build/init.o
 .data          0x00000000c0005604        0x0 build/interrupt.o
 .data          0x00000000c0005604        0x0 build/timer.o
 .data          0x00000000c0005604       0xd2 build/kernel.o
                0x00000000c0005616                intr_entry_table
 *fill*         0x00000000c00056d6        0x2 00
 .data          0x00000000c00056d8        0x8 build/print.o
 .data          0x00000000c00056e0        0x0 build/debug.o
 .data          0x00000000c00056e0        0x0 build/memory.o
 .data          0x00000000c00056e0        0x0 build/bitmap.o
 .data          0x00000000c00056e0        0x0 build/string.o
 .data          0x00000000c00056e0        0x0 build/thread.o
 .data          0x00000000c00056e0        0x0 build/list.o
 .data          0x00000000c00056e0        0x0 build/console.o
 .data          0x00000000c00056e0        0x0 build/sync.o
 .data          0x00000000c00056e0        0x0 build/keyboard.o

.data1
 *(.data1)

.sharable_data  0x00000000c0006000        0x0
                0x00000000c0006000                PROVIDE (__sharable_data_start, .)
 *(.sharable_data .sharable_data.* .gnu.linkonce.shrd.*)
                0x00000000c0006000                . = ALIGN ((. != 0x0)?0x1000:0x1)
                0x00000000c0006000                PROVIDE (__sharable_data_end, .)
                0x00000000c0006000                _edata = .
                0x00000000c0006000                PROVIDE (edata, .)
                0x00000000c0006000                __bss_start = .

.bss            0x00000000c00056e0      0x374
 *(.dynbss)
 *(.bss .bss.* .gnu.linkonce.b.*)
 .bss           0x00000000c00056e0        0x0 build/main.o
 .bss           0x00000000c00056e0        0x0 build/init.o
 .bss           0x00000000c00056e0      0x180 build/interrupt.o
 .bss           0x00000000c0005860        0x0 build/timer.o
 .bss           0x00000000c0005860        0x0 build/debug.o
 .bss           0x00000000c0005860        0x0 build/memory.o
 .bss           0x00000000c0005860        0x0 build/bitmap.o
 .bss           0x00000000c0005860        0x0 build/string.o
 .bss           0x00000000c0005860        0x4 build/thread.o
 .bss           0x00000000c0005864        0x0 build/list.o
 .bss           0x00000000c0005864       0x1c build/console.o
 .bss           0x00000000c0005880        0x0 build/sync.o
 .bss           0x00000000c0005880        0x0 build/keyboard.o
 *(COMMON)
 COMMON         0x00000000c0005880      0x180 build/interrupt.o
                0x00000000c0005880                intr_name
                0x00000000c0005940                idt_table
 COMMON         0x00000000c0005a00        0x4 build/timer.o
                0x00000000c0005a00                ticks
 COMMON         0x00000000c0005a04       0x2c build/memory.o
                0x00000000c0005a04                user_pool
                0x00000000c0005a14                kernel_vaddr
                0x00000000c0005a20                kernel_pool
 COMMON         0x00000000c0005a30       0x24 build/thread.o
                0x00000000c0005a30                thread_ready_list
                0x00000000c0005a40                thread_all_list
                0x00000000c0005a50                main_thread
                0x00000000c0005a54                . = ALIGN ((. != 0x0)?0x4:0x1)

.sharable_bss   0x00000000c0006000        0x0
                0x00000000c0006000                PROVIDE (__sharable_bss_start, .)
 *(.dynsharablebss)
 *(.sharable_bss .sharable_bss.* .gnu.linkonce.shrb.*)
 *(SHARABLE_COMMON)
                0x00000000c0006000                . = ALIGN ((. != 0x0)?0x1000:0x1)
                0x00000000c0006000                PROVIDE (__sharable_bss_end, .)
                0x00000000c0006000                . = ALIGN (0x4)
                0x00000000c0006000                . = ALIGN (0x4)
                0x00000000c0006000                _end = .
                0x00000000c0006000                PROVIDE (end, .)
                0x00000000c0006000                . = DATA_SEGMENT_END (.)

.stab
 *(.stab)

.stabstr
 *(.stabstr)

.stab.excl
 *(.stab.excl)

.stab.exclstr
 *(.stab.exclstr)

.stab.index
 *(.stab.index)

.stab.indexstr
 *(.stab.indexstr)

.comment        0x0000000000000000       0x2d
 *(.comment)
 .comment       0x0000000000000000       0x2d build/main.o
                                         0x2e (size before relaxing)
 .comment       0x0000000000000000       0x2e build/init.o
 .comment       0x0000000000000000       0x2e build/interrupt.o
 .comment       0x0000000000000000       0x2e build/timer.o
 .comment       0x0000000000000000       0x2e build/debug.o
 .comment       0x0000000000000000       0x2e build/memory.o
 .comment       0x0000000000000000       0x2e build/bitmap.o
 .comment       0x0000000000000000       0x2e build/string.o
 .comment       0x0000000000000000       0x2e build/thread.o
 .comment       0x0000000000000000       0x2e build/list.o
 .comment       0x0000000000000000       0x2e build/console.o
 .comment       0x0000000000000000       0x2e build/sync.o
 .comment       0x0000000000000000       0x2e build/keyboard.o

.debug
 *(.debug)

.line
 *(.line)

.debug_srcinfo
 *(.debug_srcinfo)

.debug_sfnames
 *(.debug_sfnames)

.debug_aranges
 *(.debug_aranges)

.debug_pubnames
 *(.debug_pubnames)

.debug_info
 *(.debug_info .gnu.linkonce.wi.*)

.debug_abbrev
 *(.debug_abbrev)

.debug_line
 *(.debug_line)

.debug_frame
 *(.debug_frame)

.debug_str
 *(.debug_str)

.debug_loc
 *(.debug_loc)

.debug_macinfo
 *(.debug_macinfo)

.debug_weaknames
 *(.debug_weaknames)

.debug_funcnames
 *(.debug_funcnames)

.debug_typenames
 *(.debug_typenames)

.debug_varnames
 *(.debug_varnames)

.debug_pubtypes
 *(.debug_pubtypes)

.debug_ranges
 *(.debug_ranges)

.gnu.attributes
 *(.gnu.attributes)

/DISCARD/
 *(.note.GNU-stack)
 *(.gnu_debuglink)
 *(.gnu.lto_*)
OUTPUT(build/kernel.bin elf32-i386)
