
Allocating common symbols
Common symbol       size              file

kbd_buf             0x6c              build/keyboard.o
thread_ready_list   0x10              build/main.o
thread_all_list     0x10              build/main.o
user_pool           0x2c              build/memory.o
k_block_descs       0xa8              build/memory.o
intr_name           0x204             build/interrupt.o
main_thread         0x4               build/thread.o
ticks               0x4               build/timer.o
kernel_vaddr        0xc               build/memory.o
syscall_table       0x80              build/syscall-init.o
idt_table           0x204             build/interrupt.o
kernel_pool         0x2c              build/memory.o
pid_lock            0x1c              build/thread.o

Discarded input sections

 .note.GNU-stack
                0x0000000000000000        0x0 build/main.o
 .note.GNU-stack
                0x0000000000000000        0x0 build/init.o
 .note.GNU-stack
                0x0000000000000000        0x0 build/interrupt.o
 .note.GNU-stack
                0x0000000000000000        0x0 build/timer.o
 .note.GNU-stack
                0x0000000000000000        0x0 build/debug.o
 .note.GNU-stack
                0x0000000000000000        0x0 build/memory.o
 .note.GNU-stack
                0x0000000000000000        0x0 build/bitmap.o
 .note.GNU-stack
                0x0000000000000000        0x0 build/string.o
 .note.GNU-stack
                0x0000000000000000        0x0 build/thread.o
 .note.GNU-stack
                0x0000000000000000        0x0 build/list.o
 .note.GNU-stack
                0x0000000000000000        0x0 build/console.o
 .note.GNU-stack
                0x0000000000000000        0x0 build/sync.o
 .note.GNU-stack
                0x0000000000000000        0x0 build/keyboard.o
 .note.GNU-stack
                0x0000000000000000        0x0 build/ioqueue.o
 .note.GNU-stack
                0x0000000000000000        0x0 build/tss.o
 .note.GNU-stack
                0x0000000000000000        0x0 build/process.o
 .note.GNU-stack
                0x0000000000000000        0x0 build/syscall.o
 .note.GNU-stack
                0x0000000000000000        0x0 build/syscall-init.o
 .note.GNU-stack
                0x0000000000000000        0x0 build/stdio.o

Memory Configuration

Name             Origin             Length             Attributes
*default*        0x0000000000000000 0xffffffffffffffff

Linker script and memory map

Address of section .text set to 0xc0001500
LOAD build/main.o
LOAD build/init.o
LOAD build/interrupt.o
LOAD build/timer.o
LOAD build/kernel.o
LOAD build/print.o
LOAD build/debug.o
LOAD build/memory.o
LOAD build/bitmap.o
LOAD build/string.o
LOAD build/thread.o
LOAD build/list.o
LOAD build/switch.o
LOAD build/console.o
LOAD build/sync.o
LOAD build/keyboard.o
LOAD build/ioqueue.o
LOAD build/tss.o
LOAD build/process.o
LOAD build/syscall.o
LOAD build/syscall-init.o
LOAD build/stdio.o
                0x0000000008048000                PROVIDE (__executable_start, 0x8048000)
                0x0000000008048094                . = (0x8048000 + SIZEOF_HEADERS)

.interp
 *(.interp)

.note.gnu.build-id
 *(.note.gnu.build-id)

.hash
 *(.hash)

.gnu.hash
 *(.gnu.hash)

.dynsym
 *(.dynsym)

.dynstr
 *(.dynstr)

.gnu.version
 *(.gnu.version)

.gnu.version_d
 *(.gnu.version_d)

.gnu.version_r
 *(.gnu.version_r)

.rel.dyn        0x0000000008048094        0x0
 *(.rel.init)
 *(.rel.text .rel.text.* .rel.gnu.linkonce.t.*)
 .rel.text      0x0000000000000000        0x0 build/main.o
 *(.rel.fini)
 *(.rel.rodata .rel.rodata.* .rel.gnu.linkonce.r.*)
 *(.rel.data.rel.ro* .rel.gnu.linkonce.d.rel.ro.*)
 *(.rel.data .rel.data.* .rel.gnu.linkonce.d.*)
 *(.rel.tdata .rel.tdata.* .rel.gnu.linkonce.td.*)
 *(.rel.tbss .rel.tbss.* .rel.gnu.linkonce.tb.*)
 *(.rel.ctors)
 *(.rel.dtors)
 *(.rel.got)
 *(.rel.sharable_data .rel.sharable_data.* .rel.gnu.linkonce.shrd.*)
 *(.rel.sharable_bss .rel.sharable_bss.* .rel.gnu.linkonce.shrb.*)
 *(.rel.bss .rel.bss.* .rel.gnu.linkonce.b.*)
 *(.rel.ifunc)

.rel.plt        0x0000000008048094        0x0
 *(.rel.plt)
                0x0000000008048094                PROVIDE (__rel_iplt_start, .)
 *(.rel.iplt)
 .rel.iplt      0x0000000000000000        0x0 build/main.o
                0x0000000008048094                PROVIDE (__rel_iplt_end, .)

.init
 *(.init)

.plt            0x0000000008048094        0x0
 *(.plt)
 *(.iplt)
 .iplt          0x0000000000000000        0x0 build/main.o

.text           0x00000000c0001500     0x47b3
 *(.text.unlikely .text.*_unlikely)
 *(.text .stub .text.* .gnu.linkonce.t.*)
 .text          0x00000000c0001500      0x712 build/main.o
                0x00000000c0001500                main
                0x00000000c0001545                k_thread_a
                0x00000000c0001756                k_thread_b
                0x00000000c0001bac                u_prog_a
                0x00000000c0001bdf                u_prog_b
 *fill*         0x00000000c0001c12        0x2 90909090
 .text          0x00000000c0001c14       0x3c build/init.o
                0x00000000c0001c14                init_all
 .text          0x00000000c0001c50      0x474 build/interrupt.o
                0x00000000c0001fb7                register_handler
                0x00000000c0001fd3                intr_enable
                0x00000000c0001ffc                intr_disable
                0x00000000c0002025                intr_set_status
                0x00000000c0002043                intr_get_status
                0x00000000c0002066                idt_init
 .text          0x00000000c00020c4      0x198 build/timer.o
                0x00000000c00021fc                timer_init
 *fill*         0x00000000c000225c        0x4 90909090
 .text          0x00000000c0002260      0x672 build/kernel.o
                0x00000000c0002260                intr_exit
                0x00000000c00028a8                syscall_handler
 *fill*         0x00000000c00028d2        0xe 90909090
 .text          0x00000000c00028e0      0x1a0 build/print.o
                0x00000000c00028e0                put_str
                0x00000000c0002904                put_char
                0x00000000c00029db                put_int
                0x00000000c0002a5c                set_cursor
 .text          0x00000000c0002a80       0xa5 build/debug.o
                0x00000000c0002a80                panic_spin
 *fill*         0x00000000c0002b25        0x3 90909090
 .text          0x00000000c0002b28     0x10fa build/memory.o
                0x00000000c0002c4e                pte_ptr
                0x00000000c0002c7f                pde_ptr
                0x00000000c0002e1e                malloc_page
                0x00000000c0002ee8                get_kernel_pages
                0x00000000c0002f44                get_user_pages
                0x00000000c0002fa0                get_a_page
                0x00000000c000311c                addr_v2p
                0x00000000c000330e                block_desc_init
                0x00000000c00033b3                sys_malloc
                0x00000000c00036c3                pfree
                0x00000000c000380b                mfree_page
                0x00000000c00039e0                sys_free
                0x00000000c0003be1                mem_init
 *fill*         0x00000000c0003c22        0x2 90909090
 .text          0x00000000c0003c24      0x270 build/bitmap.o
                0x00000000c0003c24                bitmap_init
                0x00000000c0003c4b                bitmap_scan_test
                0x00000000c0003c8d                bitmap_scan
                0x00000000c0003ddb                bitmap_set
 .text          0x00000000c0003e94      0x448 build/string.o
                0x00000000c0003e94                memset
                0x00000000c0003ef0                memcpy
                0x00000000c0003f58                memcmp
                0x00000000c0003fe8                strcpy
                0x00000000c000404b                strlen
                0x00000000c00040a5                strcmp
                0x00000000c000412c                strchr
                0x00000000c000418c                strrchr
                0x00000000c00041f5                strcat
                0x00000000c000426f                strchrs
 .text          0x00000000c00042dc      0x5eb build/thread.o
                0x00000000c00042dc                running_thread
                0x00000000c000433e                thread_create
                0x00000000c00043b4                init_thread
                0x00000000c000445e                thread_start
                0x00000000c00045d9                schedule
                0x00000000c000470c                thread_block
                0x00000000c0004773                thread_unblock
                0x00000000c000487e                thread_init
 *fill*         0x00000000c00048c7        0x1 90909090
 .text          0x00000000c00048c8      0x1e4 build/list.o
                0x00000000c00048c8                list_init
                0x00000000c00048f5                list_insert_before
                0x00000000c0004936                list_push
                0x00000000c0004953                list_append
                0x00000000c0004970                list_remove
                0x00000000c00049a6                list_pop
                0x00000000c00049c5                elem_find
                0x00000000c0004a00                list_traversal
                0x00000000c0004a5e                list_len
                0x00000000c0004a93                list_empty
 *fill*         0x00000000c0004aac        0x4 90909090
 .text          0x00000000c0004ab0       0x15 build/switch.o
                0x00000000c0004ab0                switch_to
 *fill*         0x00000000c0004ac5        0x3 90909090
 .text          0x00000000c0004ac8       0x9a build/console.o
                0x00000000c0004ac8                console_init
                0x00000000c0004adc                console_acquire
                0x00000000c0004af0                console_release
                0x00000000c0004b04                console_put_str
                0x00000000c0004b21                console_put_char
                0x00000000c0004b45                console_put_int
 *fill*         0x00000000c0004b62        0x2 90909090
 .text          0x00000000c0004b64      0x347 build/sync.o
                0x00000000c0004b64                sema_init
                0x00000000c0004b89                lock_init
                0x00000000c0004bba                sema_down
                0x00000000c0004cce                sema_up
                0x00000000c0004d84                lock_acquire
                0x00000000c0004e00                lock_release
 *fill*         0x00000000c0004eab        0x1 90909090
 .text          0x00000000c0004eac      0x2d2 build/keyboard.o
                0x00000000c000513e                keyboard_init
 *fill*         0x00000000c000517e        0x2 90909090
 .text          0x00000000c0005180      0x2e1 build/ioqueue.o
                0x00000000c0005180                ioqueue_init
                0x00000000c00051dd                ioq_full
                0x00000000c000522e                ioq_empty
                0x00000000c0005333                ioq_getchar
                0x00000000c00053e1                ioq_putchar
 *fill*         0x00000000c0005461        0x3 90909090
 .text          0x00000000c0005464      0x1aa build/tss.o
                0x00000000c0005464                update_tss_esp
                0x00000000c00054df                tss_init
 *fill*         0x00000000c000560e        0x2 90909090
 .text          0x00000000c0005610      0x36b build/process.o
                0x00000000c0005746                process_activate
                0x00000000c0005851                process_execute
 *fill*         0x00000000c000597b        0x1 90909090
 .text          0x00000000c000597c       0x34 build/syscall.o
                0x00000000c000597c                getpid
                0x00000000c0005991                write
 .text          0x00000000c00059b0       0x64 build/syscall-init.o
                0x00000000c00059b0                sys_getpid
                0x00000000c00059c2                sys_write
                0x00000000c00059e0                syscall_init
 .text          0x00000000c0005a14      0x29f build/stdio.o
                0x00000000c0005a9a                vsprintf
                0x00000000c0005c1d                printf
                0x00000000c0005c7f                sprintf
 *(.gnu.warning)

.fini
 *(.fini)
                0x00000000c0005cb3                PROVIDE (__etext, .)
                0x00000000c0005cb3                PROVIDE (_etext, .)
                0x00000000c0005cb3                PROVIDE (etext, .)

.rodata         0x00000000c0005cb4      0xf08
 *(.rodata .rodata.* .gnu.linkonce.r.*)
 .rodata        0x00000000c0005cb4       0xaa build/main.o
 .rodata        0x00000000c0005d5e        0xa build/init.o
 .rodata        0x00000000c0005d68      0x2c1 build/interrupt.o
 *fill*         0x00000000c0006029        0x3 00
 .rodata        0x00000000c000602c       0x6b build/timer.o
 .rodata        0x00000000c0006097       0x3f build/debug.o
 *fill*         0x00000000c00060d6        0x2 00
 .rodata        0x00000000c00060d8      0x399 build/memory.o
 *fill*         0x00000000c0006471        0x3 00
 .rodata        0x00000000c0006474       0x68 build/bitmap.o
 .rodata        0x00000000c00064dc       0xd8 build/string.o
 .rodata        0x00000000c00065b4      0x2be build/thread.o
 *fill*         0x00000000c0006872        0x2 00
 .rodata        0x00000000c0006874      0x12f build/sync.o
 .rodata        0x00000000c00069a3       0x35 build/keyboard.o
 .rodata        0x00000000c00069d8       0xb6 build/ioqueue.o
 .rodata        0x00000000c0006a8e       0x27 build/tss.o
 *fill*         0x00000000c0006ab5        0x3 00
 .rodata        0x00000000c0006ab8       0xdd build/process.o
 .rodata        0x00000000c0006b95       0x27 build/syscall-init.o

.rodata1
 *(.rodata1)

.eh_frame_hdr
 *(.eh_frame_hdr)

.eh_frame
 *(.eh_frame)

.gcc_except_table
 *(.gcc_except_table .gcc_except_table.*)
                0x00000000c0006bbc                . = (ALIGN (0x1000) - ((0x1000 - .) & 0xfff))
                0x00000000c0007000                . = (0x1000 DATA_SEGMENT_ALIGN 0x1000)

.eh_frame
 *(.eh_frame)

.gcc_except_table
 *(.gcc_except_table .gcc_except_table.*)

.tdata
 *(.tdata .tdata.* .gnu.linkonce.td.*)

.tbss
 *(.tbss .tbss.* .gnu.linkonce.tb.*)
 *(.tcommon)

.preinit_array  0x00000000c0007000        0x0
                0x00000000c0007000                PROVIDE (__preinit_array_start, .)
 *(.preinit_array)
                0x00000000c0007000                PROVIDE (__preinit_array_end, .)

.init_array     0x00000000c0007000        0x0
                0x00000000c0007000                PROVIDE (__init_array_start, .)
 *(SORT(.init_array.*))
 *(.init_array)
                0x00000000c0007000                PROVIDE (__init_array_end, .)

.fini_array     0x00000000c0007000        0x0
                0x00000000c0007000                PROVIDE (__fini_array_start, .)
 *(.fini_array)
 *(SORT(.fini_array.*))
                0x00000000c0007000                PROVIDE (__fini_array_end, .)

.ctors
 *crtbegin.o(.ctors)
 *crtbegin?.o(.ctors)
 *(EXCLUDE_FILE(*crtend?.o *crtend.o) .ctors)
 *(SORT(.ctors.*))
 *(.ctors)

.dtors
 *crtbegin.o(.dtors)
 *crtbegin?.o(.dtors)
 *(EXCLUDE_FILE(*crtend?.o *crtend.o) .dtors)
 *(SORT(.dtors.*))
 *(.dtors)

.jcr
 *(.jcr)

.data.rel.ro
 *(.data.rel.ro.local* .gnu.linkonce.d.rel.ro.local.*)
 *(.data.rel.ro* .gnu.linkonce.d.rel.ro.*)

.dynamic
 *(.dynamic)

.got
 *(.got)
 *(.igot)
                0x00000000c0007000                . = (. DATA_SEGMENT_RELRO_END 0xc)

.got.plt        0x00000000c0007000        0x0
 *(.got.plt)
 *(.igot.plt)
 .igot.plt      0x0000000000000000        0x0 build/main.o

.data           0x00000000c0007000      0x158
 *(.data .data.* .gnu.linkonce.d.*)
 .data          0x00000000c0007000        0x0 build/main.o
 .data          0x00000000c0007000        0x0 build/init.o
 .data          0x00000000c0007000        0x0 build/interrupt.o
 .data          0x00000000c0007000        0x0 build/timer.o
 .data          0x00000000c0007000       0xd2 build/kernel.o
                0x00000000c0007012                intr_entry_table
 *fill*         0x00000000c00070d2        0x2 00
 .data          0x00000000c00070d4        0x8 build/print.o
 .data          0x00000000c00070dc        0x0 build/debug.o
 .data          0x00000000c00070dc        0x0 build/memory.o
 .data          0x00000000c00070dc        0x0 build/bitmap.o
 .data          0x00000000c00070dc        0x0 build/string.o
 .data          0x00000000c00070dc        0x0 build/thread.o
 .data          0x00000000c00070dc        0x0 build/list.o
 .data          0x00000000c00070dc        0x0 build/console.o
 .data          0x00000000c00070dc        0x0 build/sync.o
 *fill*         0x00000000c00070dc        0x4 00
 .data          0x00000000c00070e0       0x76 build/keyboard.o
 *fill*         0x00000000c0007156        0x2 00
 .data          0x00000000c0007158        0x0 build/ioqueue.o
 .data          0x00000000c0007158        0x0 build/tss.o
 .data          0x00000000c0007158        0x0 build/process.o
 .data          0x00000000c0007158        0x0 build/syscall.o
 .data          0x00000000c0007158        0x0 build/syscall-init.o
 .data          0x00000000c0007158        0x0 build/stdio.o

.data1
 *(.data1)

.sharable_data  0x00000000c0008000        0x0
                0x00000000c0008000                PROVIDE (__sharable_data_start, .)
 *(.sharable_data .sharable_data.* .gnu.linkonce.shrd.*)
                0x00000000c0008000                . = ALIGN ((. != 0x0)?0x1000:0x1)
                0x00000000c0008000                PROVIDE (__sharable_data_end, .)
                0x00000000c0008000                _edata = .
                0x00000000c0008000                PROVIDE (edata, .)
                0x00000000c0008000                __bss_start = .

.bss            0x00000000c0007160      0xba0
 *(.dynbss)
 *(.bss .bss.* .gnu.linkonce.b.*)
 .bss           0x00000000c0007160        0x8 build/main.o
                0x00000000c0007160                prog_a_pid
                0x00000000c0007164                prog_b_pid
 .bss           0x00000000c0007168        0x0 build/init.o
 *fill*         0x00000000c0007168       0x18 00
 .bss           0x00000000c0007180      0x408 build/interrupt.o
 .bss           0x00000000c0007588        0x0 build/timer.o
 .bss           0x00000000c0007588        0x0 build/debug.o
 .bss           0x00000000c0007588        0x0 build/memory.o
 .bss           0x00000000c0007588        0x0 build/bitmap.o
 .bss           0x00000000c0007588        0x0 build/string.o
 .bss           0x00000000c0007588        0x6 build/thread.o
 *fill*         0x00000000c000758e        0x2 00
 .bss           0x00000000c0007590        0x0 build/list.o
 .bss           0x00000000c0007590       0x1c build/console.o
 .bss           0x00000000c00075ac        0x0 build/sync.o
 .bss           0x00000000c00075ac       0x14 build/keyboard.o
 .bss           0x00000000c00075c0        0x0 build/ioqueue.o
 .bss           0x00000000c00075c0       0x68 build/tss.o
 .bss           0x00000000c0007628        0x0 build/process.o
 .bss           0x00000000c0007628        0x0 build/syscall.o
 .bss           0x00000000c0007628        0x0 build/syscall-init.o
 .bss           0x00000000c0007628        0x0 build/stdio.o
 *(COMMON)
 COMMON         0x00000000c0007628       0x20 build/main.o
                0x00000000c0007628                thread_ready_list
                0x00000000c0007638                thread_all_list
 *fill*         0x00000000c0007648       0x18 00
 COMMON         0x00000000c0007660      0x424 build/interrupt.o
                0x00000000c0007660                intr_name
                0x00000000c0007880                idt_table
 COMMON         0x00000000c0007a84        0x4 build/timer.o
                0x00000000c0007a84                ticks
 *fill*         0x00000000c0007a88       0x18 00
 COMMON         0x00000000c0007aa0      0x12c build/memory.o
                0x00000000c0007aa0                user_pool
                0x00000000c0007ae0                k_block_descs
                0x00000000c0007b88                kernel_vaddr
                0x00000000c0007ba0                kernel_pool
 COMMON         0x00000000c0007bcc       0x20 build/thread.o
                0x00000000c0007bcc                main_thread
                0x00000000c0007bd0                pid_lock
 *fill*         0x00000000c0007bec       0x14 00
 COMMON         0x00000000c0007c00       0x6c build/keyboard.o
                0x00000000c0007c00                kbd_buf
 *fill*         0x00000000c0007c6c       0x14 00
 COMMON         0x00000000c0007c80       0x80 build/syscall-init.o
                0x00000000c0007c80                syscall_table
                0x00000000c0007d00                . = ALIGN ((. != 0x0)?0x4:0x1)

.sharable_bss   0x00000000c0008000        0x0
                0x00000000c0008000                PROVIDE (__sharable_bss_start, .)
 *(.dynsharablebss)
 *(.sharable_bss .sharable_bss.* .gnu.linkonce.shrb.*)
 *(SHARABLE_COMMON)
                0x00000000c0008000                . = ALIGN ((. != 0x0)?0x1000:0x1)
                0x00000000c0008000                PROVIDE (__sharable_bss_end, .)
                0x00000000c0008000                . = ALIGN (0x4)
                0x00000000c0008000                . = ALIGN (0x4)
                0x00000000c0008000                _end = .
                0x00000000c0008000                PROVIDE (end, .)
                0x00000000c0008000                . = DATA_SEGMENT_END (.)

.stab
 *(.stab)

.stabstr
 *(.stabstr)

.stab.excl
 *(.stab.excl)

.stab.exclstr
 *(.stab.exclstr)

.stab.index
 *(.stab.index)

.stab.indexstr
 *(.stab.indexstr)

.comment        0x0000000000000000       0x2d
 *(.comment)
 .comment       0x0000000000000000       0x2d build/main.o
                                         0x2e (size before relaxing)
 .comment       0x0000000000000000       0x2e build/init.o
 .comment       0x0000000000000000       0x2e build/interrupt.o
 .comment       0x0000000000000000       0x2e build/timer.o
 .comment       0x0000000000000000       0x2e build/debug.o
 .comment       0x0000000000000000       0x2e build/memory.o
 .comment       0x0000000000000000       0x2e build/bitmap.o
 .comment       0x0000000000000000       0x2e build/string.o
 .comment       0x0000000000000000       0x2e build/thread.o
 .comment       0x0000000000000000       0x2e build/list.o
 .comment       0x0000000000000000       0x2e build/console.o
 .comment       0x0000000000000000       0x2e build/sync.o
 .comment       0x0000000000000000       0x2e build/keyboard.o
 .comment       0x0000000000000000       0x2e build/ioqueue.o
 .comment       0x0000000000000000       0x2e build/tss.o
 .comment       0x0000000000000000       0x2e build/process.o
 .comment       0x0000000000000000       0x2e build/syscall.o
 .comment       0x0000000000000000       0x2e build/syscall-init.o
 .comment       0x0000000000000000       0x2e build/stdio.o

.debug
 *(.debug)

.line
 *(.line)

.debug_srcinfo
 *(.debug_srcinfo)

.debug_sfnames
 *(.debug_sfnames)

.debug_aranges
 *(.debug_aranges)

.debug_pubnames
 *(.debug_pubnames)

.debug_info
 *(.debug_info .gnu.linkonce.wi.*)

.debug_abbrev
 *(.debug_abbrev)

.debug_line
 *(.debug_line)

.debug_frame
 *(.debug_frame)

.debug_str
 *(.debug_str)

.debug_loc
 *(.debug_loc)

.debug_macinfo
 *(.debug_macinfo)

.debug_weaknames
 *(.debug_weaknames)

.debug_funcnames
 *(.debug_funcnames)

.debug_typenames
 *(.debug_typenames)

.debug_varnames
 *(.debug_varnames)

.debug_pubtypes
 *(.debug_pubtypes)

.debug_ranges
 *(.debug_ranges)

.gnu.attributes
 *(.gnu.attributes)

/DISCARD/
 *(.note.GNU-stack)
 *(.gnu_debuglink)
 *(.gnu.lto_*)
OUTPUT(build/kernel.bin elf32-i386)
