
Allocating common symbols
Common symbol       size              file

thread_ready_list   0x10              build/thread.o
thread_all_list     0x10              build/thread.o
user_pool           0x10              build/memory.o
intr_name           0x84              build/interrupt.o
main_thread         0x4               build/thread.o
ticks               0x4               build/timer.o
kernel_vaddr        0xc               build/memory.o
idt_table           0x84              build/interrupt.o
kernel_pool         0x10              build/memory.o

Discarded input sections

 .note.GNU-stack
                0x0000000000000000        0x0 build/main.o
 .note.GNU-stack
                0x0000000000000000        0x0 build/init.o
 .note.GNU-stack
                0x0000000000000000        0x0 build/interrupt.o
 .note.GNU-stack
                0x0000000000000000        0x0 build/timer.o
 .note.GNU-stack
                0x0000000000000000        0x0 build/debug.o
 .note.GNU-stack
                0x0000000000000000        0x0 build/memory.o
 .note.GNU-stack
                0x0000000000000000        0x0 build/bitmap.o
 .note.GNU-stack
                0x0000000000000000        0x0 build/string.o
 .note.GNU-stack
                0x0000000000000000        0x0 build/thread.o
 .note.GNU-stack
                0x0000000000000000        0x0 build/list.o
 .note.GNU-stack
                0x0000000000000000        0x0 build/console.o
 .note.GNU-stack
                0x0000000000000000        0x0 build/sync.o

Memory Configuration

Name             Origin             Length             Attributes
*default*        0x0000000000000000 0xffffffffffffffff

Linker script and memory map

Address of section .text set to 0xc0001500
LOAD build/main.o
LOAD build/init.o
LOAD build/interrupt.o
LOAD build/timer.o
LOAD build/kernel.o
LOAD build/print.o
LOAD build/debug.o
LOAD build/memory.o
LOAD build/bitmap.o
LOAD build/string.o
LOAD build/thread.o
LOAD build/list.o
LOAD build/switch.o
LOAD build/console.o
LOAD build/sync.o
                0x0000000008048000                PROVIDE (__executable_start, 0x8048000)
                0x0000000008048094                . = (0x8048000 + SIZEOF_HEADERS)

.interp
 *(.interp)

.note.gnu.build-id
 *(.note.gnu.build-id)

.hash
 *(.hash)

.gnu.hash
 *(.gnu.hash)

.dynsym
 *(.dynsym)

.dynstr
 *(.dynstr)

.gnu.version
 *(.gnu.version)

.gnu.version_d
 *(.gnu.version_d)

.gnu.version_r
 *(.gnu.version_r)

.rel.dyn        0x0000000008048094        0x0
 *(.rel.init)
 *(.rel.text .rel.text.* .rel.gnu.linkonce.t.*)
 .rel.text      0x0000000000000000        0x0 build/main.o
 *(.rel.fini)
 *(.rel.rodata .rel.rodata.* .rel.gnu.linkonce.r.*)
 *(.rel.data.rel.ro* .rel.gnu.linkonce.d.rel.ro.*)
 *(.rel.data .rel.data.* .rel.gnu.linkonce.d.*)
 *(.rel.tdata .rel.tdata.* .rel.gnu.linkonce.td.*)
 *(.rel.tbss .rel.tbss.* .rel.gnu.linkonce.tb.*)
 *(.rel.ctors)
 *(.rel.dtors)
 *(.rel.got)
 *(.rel.sharable_data .rel.sharable_data.* .rel.gnu.linkonce.shrd.*)
 *(.rel.sharable_bss .rel.sharable_bss.* .rel.gnu.linkonce.shrb.*)
 *(.rel.bss .rel.bss.* .rel.gnu.linkonce.b.*)
 *(.rel.ifunc)

.rel.plt        0x0000000008048094        0x0
 *(.rel.plt)
                0x0000000008048094                PROVIDE (__rel_iplt_start, .)
 *(.rel.iplt)
 .rel.iplt      0x0000000000000000        0x0 build/main.o
                0x0000000008048094                PROVIDE (__rel_iplt_end, .)

.init
 *(.init)

.plt            0x0000000008048094        0x0
 *(.plt)
 *(.iplt)
 .iplt          0x0000000000000000        0x0 build/main.o

.text           0x00000000c0001500     0x24eb
 *(.text.unlikely .text.*_unlikely)
 *(.text .stub .text.* .gnu.linkonce.t.*)
 .text          0x00000000c0001500       0xa7 build/main.o
                0x00000000c0001500                main
                0x00000000c0001575                k_thread_a
                0x00000000c000158e                k_thread_b
 *fill*         0x00000000c00015a7        0x1 90909090
 .text          0x00000000c00015a8       0x2d build/init.o
                0x00000000c00015a8                init_all
 *fill*         0x00000000c00015d5        0x3 90909090
 .text          0x00000000c00015d8      0x452 build/interrupt.o
                0x00000000c000191d                register_handler
                0x00000000c0001939                intr_enable
                0x00000000c0001962                intr_disable
                0x00000000c000198b                intr_set_status
                0x00000000c00019a9                intr_get_status
                0x00000000c00019cc                idt_init
 *fill*         0x00000000c0001a2a        0x2 90909090
 .text          0x00000000c0001a2c      0x195 build/timer.o
                0x00000000c0001b61                timer_init
 *fill*         0x00000000c0001bc1        0xf 90909090
 .text          0x00000000c0001bd0      0x44a build/kernel.o
                0x00000000c0001bd0                intr_exit
 *fill*         0x00000000c000201a        0x6 90909090
 .text          0x00000000c0002020      0x1a0 build/print.o
                0x00000000c0002020                put_str
                0x00000000c0002044                put_char
                0x00000000c000211b                put_int
                0x00000000c000219c                set_cursor
 .text          0x00000000c00021c0       0xa5 build/debug.o
                0x00000000c00021c0                panic_spin
 *fill*         0x00000000c0002265        0x3 90909090
 .text          0x00000000c0002268      0x555 build/memory.o
                0x00000000c00022ed                pte_ptr
                0x00000000c000231e                pde_ptr
                0x00000000c00024ce                malloc_page
                0x00000000c0002598                get_kernel_pages
                0x00000000c0002788                mem_init
 *fill*         0x00000000c00027bd        0x3 90909090
 .text          0x00000000c00027c0      0x270 build/bitmap.o
                0x00000000c00027c0                bitmap_init
                0x00000000c00027e7                bitmap_scan_test
                0x00000000c0002829                bitmap_scan
                0x00000000c0002977                bitmap_set
 .text          0x00000000c0002a30      0x448 build/string.o
                0x00000000c0002a30                memset
                0x00000000c0002a8c                memcpy
                0x00000000c0002af4                memcmp
                0x00000000c0002b84                strcpy
                0x00000000c0002be7                strlen
                0x00000000c0002c41                strcmp
                0x00000000c0002cc8                strchr
                0x00000000c0002d28                strrchr
                0x00000000c0002d91                strcat
                0x00000000c0002e0b                strchrs
 .text          0x00000000c0002e78      0x58e build/thread.o
                0x00000000c0002e78                running_thread
                0x00000000c0002ea3                thread_create
                0x00000000c0002f19                init_thread
                0x00000000c0002fb4                thread_start
                0x00000000c000312f                schedule
                0x00000000c0003257                thread_block
                0x00000000c00032be                thread_unblock
                0x00000000c00033c9                thread_init
 *fill*         0x00000000c0003406        0x2 90909090
 .text          0x00000000c0003408      0x1e4 build/list.o
                0x00000000c0003408                list_init
                0x00000000c0003435                list_insert_before
                0x00000000c0003476                list_push
                0x00000000c0003493                list_append
                0x00000000c00034b0                list_remove
                0x00000000c00034e6                list_pop
                0x00000000c0003505                elem_find
                0x00000000c0003540                list_traversal
                0x00000000c000359e                list_len
                0x00000000c00035d3                list_empty
 *fill*         0x00000000c00035ec        0x4 90909090
 .text          0x00000000c00035f0       0x15 build/switch.o
                0x00000000c00035f0                switch_to
 *fill*         0x00000000c0003605        0x3 90909090
 .text          0x00000000c0003608       0x9a build/console.o
                0x00000000c0003608                console_init
                0x00000000c000361c                console_acquire
                0x00000000c0003630                console_release
                0x00000000c0003644                console_put_str
                0x00000000c0003661                console_put_char
                0x00000000c0003685                console_put_int
 *fill*         0x00000000c00036a2        0x2 90909090
 .text          0x00000000c00036a4      0x347 build/sync.o
                0x00000000c00036a4                sema_init
                0x00000000c00036c9                lock_init
                0x00000000c00036fa                sema_down
                0x00000000c000380e                sema_up
                0x00000000c00038c4                lock_acquire
                0x00000000c0003940                lock_release
 *(.gnu.warning)

.fini
 *(.fini)
                0x00000000c00039eb                PROVIDE (__etext, .)
                0x00000000c00039eb                PROVIDE (_etext, .)
                0x00000000c00039eb                PROVIDE (etext, .)

.rodata         0x00000000c00039ec      0x9ef
 *(.rodata .rodata.* .gnu.linkonce.r.*)
 .rodata        0x00000000c00039ec       0x35 build/main.o
 .rodata        0x00000000c0003a21        0xa build/init.o
 *fill*         0x00000000c0003a2b        0x1 00
 .rodata        0x00000000c0003a2c      0x2c1 build/interrupt.o
 *fill*         0x00000000c0003ced        0x3 00
 .rodata        0x00000000c0003cf0       0x6b build/timer.o
 .rodata        0x00000000c0003d5b       0x3f build/debug.o
 *fill*         0x00000000c0003d9a        0x2 00
 .rodata        0x00000000c0003d9c      0x110 build/memory.o
 .rodata        0x00000000c0003eac       0x68 build/bitmap.o
 .rodata        0x00000000c0003f14       0xd8 build/string.o
 .rodata        0x00000000c0003fec      0x2be build/thread.o
 *fill*         0x00000000c00042aa        0x2 00
 .rodata        0x00000000c00042ac      0x12f build/sync.o

.rodata1
 *(.rodata1)

.eh_frame_hdr
 *(.eh_frame_hdr)

.eh_frame
 *(.eh_frame)

.gcc_except_table
 *(.gcc_except_table .gcc_except_table.*)
                0x00000000c00043db                . = (ALIGN (0x1000) - ((0x1000 - .) & 0xfff))
                0x00000000c00053db                . = (0x1000 DATA_SEGMENT_ALIGN 0x1000)

.eh_frame
 *(.eh_frame)

.gcc_except_table
 *(.gcc_except_table .gcc_except_table.*)

.tdata
 *(.tdata .tdata.* .gnu.linkonce.td.*)

.tbss
 *(.tbss .tbss.* .gnu.linkonce.tb.*)
 *(.tcommon)

.preinit_array  0x00000000c00053db        0x0
                0x00000000c00053db                PROVIDE (__preinit_array_start, .)
 *(.preinit_array)
                0x00000000c00053db                PROVIDE (__preinit_array_end, .)

.init_array     0x00000000c00053db        0x0
                0x00000000c00053db                PROVIDE (__init_array_start, .)
 *(SORT(.init_array.*))
 *(.init_array)
                0x00000000c00053db                PROVIDE (__init_array_end, .)

.fini_array     0x00000000c00053db        0x0
                0x00000000c00053db                PROVIDE (__fini_array_start, .)
 *(.fini_array)
 *(SORT(.fini_array.*))
                0x00000000c00053db                PROVIDE (__fini_array_end, .)

.ctors
 *crtbegin.o(.ctors)
 *crtbegin?.o(.ctors)
 *(EXCLUDE_FILE(*crtend?.o *crtend.o) .ctors)
 *(SORT(.ctors.*))
 *(.ctors)

.dtors
 *crtbegin.o(.dtors)
 *crtbegin?.o(.dtors)
 *(EXCLUDE_FILE(*crtend?.o *crtend.o) .dtors)
 *(SORT(.dtors.*))
 *(.dtors)

.jcr
 *(.jcr)

.data.rel.ro
 *(.data.rel.ro.local* .gnu.linkonce.d.rel.ro.local.*)
 *(.data.rel.ro* .gnu.linkonce.d.rel.ro.*)

.dynamic
 *(.dynamic)

.got
 *(.got)
 *(.igot)
                0x00000000c00053db                . = (. DATA_SEGMENT_RELRO_END 0xc)

.got.plt        0x00000000c00053dc        0x0 load address 0x00000000c00053db
 *(.got.plt)
 *(.igot.plt)
 .igot.plt      0x0000000000000000        0x0 build/main.o

.data           0x00000000c00053dc       0xa0
 *(.data .data.* .gnu.linkonce.d.*)
 .data          0x00000000c00053dc        0x0 build/main.o
 .data          0x00000000c00053dc        0x0 build/init.o
 .data          0x00000000c00053dc        0x0 build/interrupt.o
 .data          0x00000000c00053dc        0x0 build/timer.o
 .data          0x00000000c00053dc       0x96 build/kernel.o
                0x00000000c00053ee                intr_entry_table
 *fill*         0x00000000c0005472        0x2 00
 .data          0x00000000c0005474        0x8 build/print.o
 .data          0x00000000c000547c        0x0 build/debug.o
 .data          0x00000000c000547c        0x0 build/memory.o
 .data          0x00000000c000547c        0x0 build/bitmap.o
 .data          0x00000000c000547c        0x0 build/string.o
 .data          0x00000000c000547c        0x0 build/thread.o
 .data          0x00000000c000547c        0x0 build/list.o
 .data          0x00000000c000547c        0x0 build/console.o
 .data          0x00000000c000547c        0x0 build/sync.o

.data1
 *(.data1)

.sharable_data  0x00000000c0006000        0x0
                0x00000000c0006000                PROVIDE (__sharable_data_start, .)
 *(.sharable_data .sharable_data.* .gnu.linkonce.shrd.*)
                0x00000000c0006000                . = ALIGN ((. != 0x0)?0x1000:0x1)
                0x00000000c0006000                PROVIDE (__sharable_data_end, .)
                0x00000000c0006000                _edata = .
                0x00000000c0006000                PROVIDE (edata, .)
                0x00000000c0006000                __bss_start = .

.bss            0x00000000c0005480      0x2b8
 *(.dynbss)
 *(.bss .bss.* .gnu.linkonce.b.*)
 .bss           0x00000000c0005480        0x0 build/main.o
 .bss           0x00000000c0005480        0x0 build/init.o
 .bss           0x00000000c0005480      0x108 build/interrupt.o
 .bss           0x00000000c0005588        0x0 build/timer.o
 .bss           0x00000000c0005588        0x0 build/debug.o
 .bss           0x00000000c0005588        0x0 build/memory.o
 .bss           0x00000000c0005588        0x0 build/bitmap.o
 .bss           0x00000000c0005588        0x0 build/string.o
 .bss           0x00000000c0005588        0x4 build/thread.o
 .bss           0x00000000c000558c        0x0 build/list.o
 .bss           0x00000000c000558c       0x1c build/console.o
 .bss           0x00000000c00055a8        0x0 build/sync.o
 *(COMMON)
 *fill*         0x00000000c00055a8       0x18 00
 COMMON         0x00000000c00055c0      0x124 build/interrupt.o
                0x00000000c00055c0                intr_name
                0x00000000c0005660                idt_table
 COMMON         0x00000000c00056e4        0x4 build/timer.o
                0x00000000c00056e4                ticks
 COMMON         0x00000000c00056e8       0x2c build/memory.o
                0x00000000c00056e8                user_pool
                0x00000000c00056f8                kernel_vaddr
                0x00000000c0005704                kernel_pool
 COMMON         0x00000000c0005714       0x24 build/thread.o
                0x00000000c0005714                thread_ready_list
                0x00000000c0005724                thread_all_list
                0x00000000c0005734                main_thread
                0x00000000c0005738                . = ALIGN ((. != 0x0)?0x4:0x1)

.sharable_bss   0x00000000c0006000        0x0
                0x00000000c0006000                PROVIDE (__sharable_bss_start, .)
 *(.dynsharablebss)
 *(.sharable_bss .sharable_bss.* .gnu.linkonce.shrb.*)
 *(SHARABLE_COMMON)
                0x00000000c0006000                . = ALIGN ((. != 0x0)?0x1000:0x1)
                0x00000000c0006000                PROVIDE (__sharable_bss_end, .)
                0x00000000c0006000                . = ALIGN (0x4)
                0x00000000c0006000                . = ALIGN (0x4)
                0x00000000c0006000                _end = .
                0x00000000c0006000                PROVIDE (end, .)
                0x00000000c0006000                . = DATA_SEGMENT_END (.)

.stab
 *(.stab)

.stabstr
 *(.stabstr)

.stab.excl
 *(.stab.excl)

.stab.exclstr
 *(.stab.exclstr)

.stab.index
 *(.stab.index)

.stab.indexstr
 *(.stab.indexstr)

.comment        0x0000000000000000       0x2d
 *(.comment)
 .comment       0x0000000000000000       0x2d build/main.o
                                         0x2e (size before relaxing)
 .comment       0x0000000000000000       0x2e build/init.o
 .comment       0x0000000000000000       0x2e build/interrupt.o
 .comment       0x0000000000000000       0x2e build/timer.o
 .comment       0x0000000000000000       0x2e build/debug.o
 .comment       0x0000000000000000       0x2e build/memory.o
 .comment       0x0000000000000000       0x2e build/bitmap.o
 .comment       0x0000000000000000       0x2e build/string.o
 .comment       0x0000000000000000       0x2e build/thread.o
 .comment       0x0000000000000000       0x2e build/list.o
 .comment       0x0000000000000000       0x2e build/console.o
 .comment       0x0000000000000000       0x2e build/sync.o

.debug
 *(.debug)

.line
 *(.line)

.debug_srcinfo
 *(.debug_srcinfo)

.debug_sfnames
 *(.debug_sfnames)

.debug_aranges
 *(.debug_aranges)

.debug_pubnames
 *(.debug_pubnames)

.debug_info
 *(.debug_info .gnu.linkonce.wi.*)

.debug_abbrev
 *(.debug_abbrev)

.debug_line
 *(.debug_line)

.debug_frame
 *(.debug_frame)

.debug_str
 *(.debug_str)

.debug_loc
 *(.debug_loc)

.debug_macinfo
 *(.debug_macinfo)

.debug_weaknames
 *(.debug_weaknames)

.debug_funcnames
 *(.debug_funcnames)

.debug_typenames
 *(.debug_typenames)

.debug_varnames
 *(.debug_varnames)

.debug_pubtypes
 *(.debug_pubtypes)

.debug_ranges
 *(.debug_ranges)

.gnu.attributes
 *(.gnu.attributes)

/DISCARD/
 *(.note.GNU-stack)
 *(.gnu_debuglink)
 *(.gnu.lto_*)
OUTPUT(build/kernel.bin elf32-i386)
