
Allocating common symbols
Common symbol       size              file

user_pool           0x10              build/memory.o
intr_name           0x84              build/interrupt.o
kernel_vaddr        0xc               build/memory.o
idt_table           0x84              build/interrupt.o
kernel_pool         0x10              build/memory.o

Discarded input sections

 .note.GNU-stack
                0x0000000000000000        0x0 build/main.o
 .note.GNU-stack
                0x0000000000000000        0x0 build/init.o
 .note.GNU-stack
                0x0000000000000000        0x0 build/interrupt.o
 .note.GNU-stack
                0x0000000000000000        0x0 build/timer.o
 .note.GNU-stack
                0x0000000000000000        0x0 build/debug.o
 .note.GNU-stack
                0x0000000000000000        0x0 build/memory.o
 .note.GNU-stack
                0x0000000000000000        0x0 build/bitmap.o
 .note.GNU-stack
                0x0000000000000000        0x0 build/string.o
 .note.GNU-stack
                0x0000000000000000        0x0 build/thread.o

Memory Configuration

Name             Origin             Length             Attributes
*default*        0x0000000000000000 0xffffffffffffffff

Linker script and memory map

Address of section .text set to 0xc0001500
LOAD build/main.o
LOAD build/init.o
LOAD build/interrupt.o
LOAD build/timer.o
LOAD build/kernel.o
LOAD build/print.o
LOAD build/debug.o
LOAD build/memory.o
LOAD build/bitmap.o
LOAD build/string.o
LOAD build/thread.o
                0x0000000008048000                PROVIDE (__executable_start, 0x8048000)
                0x0000000008048094                . = (0x8048000 + SIZEOF_HEADERS)

.interp
 *(.interp)

.note.gnu.build-id
 *(.note.gnu.build-id)

.hash
 *(.hash)

.gnu.hash
 *(.gnu.hash)

.dynsym
 *(.dynsym)

.dynstr
 *(.dynstr)

.gnu.version
 *(.gnu.version)

.gnu.version_d
 *(.gnu.version_d)

.gnu.version_r
 *(.gnu.version_r)

.rel.dyn        0x0000000008048094        0x0
 *(.rel.init)
 *(.rel.text .rel.text.* .rel.gnu.linkonce.t.*)
 .rel.text      0x0000000000000000        0x0 build/main.o
 *(.rel.fini)
 *(.rel.rodata .rel.rodata.* .rel.gnu.linkonce.r.*)
 *(.rel.data.rel.ro* .rel.gnu.linkonce.d.rel.ro.*)
 *(.rel.data .rel.data.* .rel.gnu.linkonce.d.*)
 *(.rel.tdata .rel.tdata.* .rel.gnu.linkonce.td.*)
 *(.rel.tbss .rel.tbss.* .rel.gnu.linkonce.tb.*)
 *(.rel.ctors)
 *(.rel.dtors)
 *(.rel.got)
 *(.rel.sharable_data .rel.sharable_data.* .rel.gnu.linkonce.shrd.*)
 *(.rel.sharable_bss .rel.sharable_bss.* .rel.gnu.linkonce.shrb.*)
 *(.rel.bss .rel.bss.* .rel.gnu.linkonce.b.*)
 *(.rel.ifunc)

.rel.plt        0x0000000008048094        0x0
 *(.rel.plt)
                0x0000000008048094                PROVIDE (__rel_iplt_start, .)
 *(.rel.iplt)
 .rel.iplt      0x0000000000000000        0x0 build/main.o
                0x0000000008048094                PROVIDE (__rel_iplt_end, .)

.init
 *(.init)

.plt            0x0000000008048094        0x0
 *(.plt)
 *(.iplt)
 .iplt          0x0000000000000000        0x0 build/main.o

.text           0x00000000c0001500     0x1897
 *(.text.unlikely .text.*_unlikely)
 *(.text .stub .text.* .gnu.linkonce.t.*)
 .text          0x00000000c0001500       0x5e build/main.o
                0x00000000c0001500                main
                0x00000000c0001545                k_thread_a
 *fill*         0x00000000c000155e        0x2 90909090
 .text          0x00000000c0001560       0x23 build/init.o
                0x00000000c0001560                init_all
 *fill*         0x00000000c0001583        0x1 90909090
 .text          0x00000000c0001584      0x3b7 build/interrupt.o
                0x00000000c000184a                intr_enable
                0x00000000c0001872                intr_disable
                0x00000000c000189a                intr_set_status
                0x00000000c00018ba                intr_get_status
                0x00000000c00018dd                idt_init
 *fill*         0x00000000c000193b        0x1 90909090
 .text          0x00000000c000193c      0x100 build/timer.o
                0x00000000c00019f0                timer_init
 *fill*         0x00000000c0001a3c        0x4 90909090
 .text          0x00000000c0001a40      0x45a build/kernel.o
                0x00000000c0001a40                intr_exit
 *fill*         0x00000000c0001e9a        0x6 90909090
 .text          0x00000000c0001ea0       0xfa build/print.o
                0x00000000c0001ea0                put_char
                0x00000000c0001f76                put_str
 *fill*         0x00000000c0001f9a        0x2 90909090
 .text          0x00000000c0001f9c       0xa5 build/debug.o
                0x00000000c0001f9c                panic_spin
 *fill*         0x00000000c0002041        0x3 90909090
 .text          0x00000000c0002044      0x555 build/memory.o
                0x00000000c00020c9                pte_ptr
                0x00000000c00020fa                pde_ptr
                0x00000000c00022aa                malloc_page
                0x00000000c0002374                get_kernel_pages
                0x00000000c0002564                mem_init
 *fill*         0x00000000c0002599        0x3 90909090
 .text          0x00000000c000259c      0x270 build/bitmap.o
                0x00000000c000259c                bitmap_init
                0x00000000c00025c3                bitmap_scan_test
                0x00000000c0002605                bitmap_scan
                0x00000000c0002753                bitmap_set
 .text          0x00000000c000280c      0x444 build/string.o
                0x00000000c000280c                memset
                0x00000000c0002868                memcpy
                0x00000000c00028d0                memcmp
                0x00000000c0002960                strcpy
                0x00000000c00029c3                strlen
                0x00000000c0002a19                strcmp
                0x00000000c0002aa0                strchr
                0x00000000c0002b00                strrchr
                0x00000000c0002b69                strcat
                0x00000000c0002be3                strchrs
 .text          0x00000000c0002c50      0x147 build/thread.o
                0x00000000c0002c63                thread_create
                0x00000000c0002cd9                init_thread
                0x00000000c0002d3f                thread_start
 *(.gnu.warning)

.fini
 *(.fini)
                0x00000000c0002d97                PROVIDE (__etext, .)
                0x00000000c0002d97                PROVIDE (_etext, .)
                0x00000000c0002d97                PROVIDE (etext, .)

.rodata         0x00000000c0002d98      0x534
 *(.rodata .rodata.* .gnu.linkonce.r.*)
 .rodata        0x00000000c0002d98       0x1e build/main.o
 .rodata        0x00000000c0002db6        0xa build/init.o
 .rodata        0x00000000c0002dc0      0x25d build/interrupt.o
 .rodata        0x00000000c000301d       0x23 build/timer.o
 .rodata        0x00000000c0003040       0x3f build/debug.o
 *fill*         0x00000000c000307f        0x1 00
 .rodata        0x00000000c0003080      0x110 build/memory.o
 .rodata        0x00000000c0003190       0x64 build/bitmap.o
 .rodata        0x00000000c00031f4       0xd8 build/string.o

.rodata1
 *(.rodata1)

.eh_frame_hdr
 *(.eh_frame_hdr)

.eh_frame
 *(.eh_frame)

.gcc_except_table
 *(.gcc_except_table .gcc_except_table.*)
                0x00000000c00032cc                . = (ALIGN (0x1000) - ((0x1000 - .) & 0xfff))
                0x00000000c00042cc                . = (0x1000 DATA_SEGMENT_ALIGN 0x1000)

.eh_frame
 *(.eh_frame)

.gcc_except_table
 *(.gcc_except_table .gcc_except_table.*)

.tdata
 *(.tdata .tdata.* .gnu.linkonce.td.*)

.tbss
 *(.tbss .tbss.* .gnu.linkonce.tb.*)
 *(.tcommon)

.preinit_array  0x00000000c00042cc        0x0
                0x00000000c00042cc                PROVIDE (__preinit_array_start, .)
 *(.preinit_array)
                0x00000000c00042cc                PROVIDE (__preinit_array_end, .)

.init_array     0x00000000c00042cc        0x0
                0x00000000c00042cc                PROVIDE (__init_array_start, .)
 *(SORT(.init_array.*))
 *(.init_array)
                0x00000000c00042cc                PROVIDE (__init_array_end, .)

.fini_array     0x00000000c00042cc        0x0
                0x00000000c00042cc                PROVIDE (__fini_array_start, .)
 *(.fini_array)
 *(SORT(.fini_array.*))
                0x00000000c00042cc                PROVIDE (__fini_array_end, .)

.ctors
 *crtbegin.o(.ctors)
 *crtbegin?.o(.ctors)
 *(EXCLUDE_FILE(*crtend?.o *crtend.o) .ctors)
 *(SORT(.ctors.*))
 *(.ctors)

.dtors
 *crtbegin.o(.dtors)
 *crtbegin?.o(.dtors)
 *(EXCLUDE_FILE(*crtend?.o *crtend.o) .dtors)
 *(SORT(.dtors.*))
 *(.dtors)

.jcr
 *(.jcr)

.data.rel.ro
 *(.data.rel.ro.local* .gnu.linkonce.d.rel.ro.local.*)
 *(.data.rel.ro* .gnu.linkonce.d.rel.ro.*)

.dynamic
 *(.dynamic)

.got
 *(.got)
 *(.igot)
                0x00000000c00042cc                . = (. DATA_SEGMENT_RELRO_END 0xc)

.got.plt        0x00000000c00042cc        0x0
 *(.got.plt)
 *(.igot.plt)
 .igot.plt      0x0000000000000000        0x0 build/main.o

.data           0x00000000c00042cc      0x11c
 *(.data .data.* .gnu.linkonce.d.*)
 .data          0x00000000c00042cc        0x0 build/main.o
 .data          0x00000000c00042cc        0x0 build/init.o
 .data          0x00000000c00042cc        0x0 build/interrupt.o
 .data          0x00000000c00042cc        0x0 build/timer.o
 .data          0x00000000c00042cc       0x96 build/kernel.o
                0x00000000c00042de                intr_entry_table
 *fill*         0x00000000c0004362        0x2 00
 .data          0x00000000c0004364       0x83 build/print.o
                0x00000000c000436c                put_int
 *fill*         0x00000000c00043e7        0x1 00
 .data          0x00000000c00043e8        0x0 build/debug.o
 .data          0x00000000c00043e8        0x0 build/memory.o
 .data          0x00000000c00043e8        0x0 build/bitmap.o
 .data          0x00000000c00043e8        0x0 build/string.o
 .data          0x00000000c00043e8        0x0 build/thread.o

.data1
 *(.data1)

.sharable_data  0x00000000c0005000        0x0
                0x00000000c0005000                PROVIDE (__sharable_data_start, .)
 *(.sharable_data .sharable_data.* .gnu.linkonce.shrd.*)
                0x00000000c0005000                . = ALIGN ((. != 0x0)?0x1000:0x1)
                0x00000000c0005000                PROVIDE (__sharable_data_end, .)
                0x00000000c0005000                _edata = .
                0x00000000c0005000                PROVIDE (edata, .)
                0x00000000c0005000                __bss_start = .

.bss            0x00000000c0004400      0x270
 *(.dynbss)
 *(.bss .bss.* .gnu.linkonce.b.*)
 .bss           0x00000000c0004400        0x0 build/main.o
 .bss           0x00000000c0004400        0x0 build/init.o
 .bss           0x00000000c0004400      0x108 build/interrupt.o
 .bss           0x00000000c0004508        0x0 build/timer.o
 .bss           0x00000000c0004508        0x0 build/debug.o
 .bss           0x00000000c0004508        0x0 build/memory.o
 .bss           0x00000000c0004508        0x0 build/bitmap.o
 .bss           0x00000000c0004508        0x0 build/string.o
 .bss           0x00000000c0004508        0x0 build/thread.o
 *(COMMON)
 *fill*         0x00000000c0004508       0x18 00
 COMMON         0x00000000c0004520      0x124 build/interrupt.o
                0x00000000c0004520                intr_name
                0x00000000c00045c0                idt_table
 COMMON         0x00000000c0004644       0x2c build/memory.o
                0x00000000c0004644                user_pool
                0x00000000c0004654                kernel_vaddr
                0x00000000c0004660                kernel_pool
                0x00000000c0004670                . = ALIGN ((. != 0x0)?0x4:0x1)

.sharable_bss   0x00000000c0005000        0x0
                0x00000000c0005000                PROVIDE (__sharable_bss_start, .)
 *(.dynsharablebss)
 *(.sharable_bss .sharable_bss.* .gnu.linkonce.shrb.*)
 *(SHARABLE_COMMON)
                0x00000000c0005000                . = ALIGN ((. != 0x0)?0x1000:0x1)
                0x00000000c0005000                PROVIDE (__sharable_bss_end, .)
                0x00000000c0005000                . = ALIGN (0x4)
                0x00000000c0005000                . = ALIGN (0x4)
                0x00000000c0005000                _end = .
                0x00000000c0005000                PROVIDE (end, .)
                0x00000000c0005000                . = DATA_SEGMENT_END (.)

.stab
 *(.stab)

.stabstr
 *(.stabstr)

.stab.excl
 *(.stab.excl)

.stab.exclstr
 *(.stab.exclstr)

.stab.index
 *(.stab.index)

.stab.indexstr
 *(.stab.indexstr)

.comment        0x0000000000000000       0x2d
 *(.comment)
 .comment       0x0000000000000000       0x2d build/main.o
                                         0x2e (size before relaxing)
 .comment       0x0000000000000000       0x2e build/init.o
 .comment       0x0000000000000000       0x2e build/interrupt.o
 .comment       0x0000000000000000       0x2e build/timer.o
 .comment       0x0000000000000000       0x2e build/debug.o
 .comment       0x0000000000000000       0x2e build/memory.o
 .comment       0x0000000000000000       0x2e build/bitmap.o
 .comment       0x0000000000000000       0x2e build/string.o
 .comment       0x0000000000000000       0x2e build/thread.o

.debug
 *(.debug)

.line
 *(.line)

.debug_srcinfo
 *(.debug_srcinfo)

.debug_sfnames
 *(.debug_sfnames)

.debug_aranges
 *(.debug_aranges)

.debug_pubnames
 *(.debug_pubnames)

.debug_info
 *(.debug_info .gnu.linkonce.wi.*)

.debug_abbrev
 *(.debug_abbrev)

.debug_line
 *(.debug_line)

.debug_frame
 *(.debug_frame)

.debug_str
 *(.debug_str)

.debug_loc
 *(.debug_loc)

.debug_macinfo
 *(.debug_macinfo)

.debug_weaknames
 *(.debug_weaknames)

.debug_funcnames
 *(.debug_funcnames)

.debug_typenames
 *(.debug_typenames)

.debug_varnames
 *(.debug_varnames)

.debug_pubtypes
 *(.debug_pubtypes)

.debug_ranges
 *(.debug_ranges)

.gnu.attributes
 *(.gnu.attributes)

/DISCARD/
 *(.note.GNU-stack)
 *(.gnu_debuglink)
 *(.gnu.lto_*)
OUTPUT(build/kernel.bin elf32-i386)
