
Allocating common symbols
Common symbol       size              file

kbd_buf             0x6c              build/keyboard.o
thread_ready_list   0x10              build/thread.o
thread_all_list     0x10              build/thread.o
user_pool           0x10              build/memory.o
intr_name           0xc0              build/interrupt.o
main_thread         0x4               build/thread.o
ticks               0x4               build/timer.o
kernel_vaddr        0xc               build/memory.o
idt_table           0xc0              build/interrupt.o
kernel_pool         0x10              build/memory.o

Discarded input sections

 .note.GNU-stack
                0x0000000000000000        0x0 build/main.o
 .note.GNU-stack
                0x0000000000000000        0x0 build/init.o
 .note.GNU-stack
                0x0000000000000000        0x0 build/interrupt.o
 .note.GNU-stack
                0x0000000000000000        0x0 build/timer.o
 .note.GNU-stack
                0x0000000000000000        0x0 build/debug.o
 .note.GNU-stack
                0x0000000000000000        0x0 build/memory.o
 .note.GNU-stack
                0x0000000000000000        0x0 build/bitmap.o
 .note.GNU-stack
                0x0000000000000000        0x0 build/string.o
 .note.GNU-stack
                0x0000000000000000        0x0 build/thread.o
 .note.GNU-stack
                0x0000000000000000        0x0 build/list.o
 .note.GNU-stack
                0x0000000000000000        0x0 build/console.o
 .note.GNU-stack
                0x0000000000000000        0x0 build/sync.o
 .note.GNU-stack
                0x0000000000000000        0x0 build/keyboard.o
 .note.GNU-stack
                0x0000000000000000        0x0 build/ioqueue.o
 .note.GNU-stack
                0x0000000000000000        0x0 build/tss.o

Memory Configuration

Name             Origin             Length             Attributes
*default*        0x0000000000000000 0xffffffffffffffff

Linker script and memory map

Address of section .text set to 0xc0001500
LOAD build/main.o
LOAD build/init.o
LOAD build/interrupt.o
LOAD build/timer.o
LOAD build/kernel.o
LOAD build/print.o
LOAD build/debug.o
LOAD build/memory.o
LOAD build/bitmap.o
LOAD build/string.o
LOAD build/thread.o
LOAD build/list.o
LOAD build/switch.o
LOAD build/console.o
LOAD build/sync.o
LOAD build/keyboard.o
LOAD build/ioqueue.o
LOAD build/tss.o
                0x0000000008048000                PROVIDE (__executable_start, 0x8048000)
                0x0000000008048094                . = (0x8048000 + SIZEOF_HEADERS)

.interp
 *(.interp)

.note.gnu.build-id
 *(.note.gnu.build-id)

.hash
 *(.hash)

.gnu.hash
 *(.gnu.hash)

.dynsym
 *(.dynsym)

.dynstr
 *(.dynstr)

.gnu.version
 *(.gnu.version)

.gnu.version_d
 *(.gnu.version_d)

.gnu.version_r
 *(.gnu.version_r)

.rel.dyn        0x0000000008048094        0x0
 *(.rel.init)
 *(.rel.text .rel.text.* .rel.gnu.linkonce.t.*)
 .rel.text      0x0000000000000000        0x0 build/main.o
 *(.rel.fini)
 *(.rel.rodata .rel.rodata.* .rel.gnu.linkonce.r.*)
 *(.rel.data.rel.ro* .rel.gnu.linkonce.d.rel.ro.*)
 *(.rel.data .rel.data.* .rel.gnu.linkonce.d.*)
 *(.rel.tdata .rel.tdata.* .rel.gnu.linkonce.td.*)
 *(.rel.tbss .rel.tbss.* .rel.gnu.linkonce.tb.*)
 *(.rel.ctors)
 *(.rel.dtors)
 *(.rel.got)
 *(.rel.sharable_data .rel.sharable_data.* .rel.gnu.linkonce.shrd.*)
 *(.rel.sharable_bss .rel.sharable_bss.* .rel.gnu.linkonce.shrb.*)
 *(.rel.bss .rel.bss.* .rel.gnu.linkonce.b.*)
 *(.rel.ifunc)

.rel.plt        0x0000000008048094        0x0
 *(.rel.plt)
                0x0000000008048094                PROVIDE (__rel_iplt_start, .)
 *(.rel.iplt)
 .rel.iplt      0x0000000000000000        0x0 build/main.o
                0x0000000008048094                PROVIDE (__rel_iplt_end, .)

.init
 *(.init)

.plt            0x0000000008048094        0x0
 *(.plt)
 *(.iplt)
 .iplt          0x0000000000000000        0x0 build/main.o

.text           0x00000000c0001500     0x2ece
 *(.text.unlikely .text.*_unlikely)
 *(.text .stub .text.* .gnu.linkonce.t.*)
 .text          0x00000000c0001500      0x11d build/main.o
                0x00000000c0001500                main
                0x00000000c0001569                k_thread_a
                0x00000000c00015c3                k_thread_b
 *fill*         0x00000000c000161d        0x3 90909090
 .text          0x00000000c0001620       0x37 build/init.o
                0x00000000c0001620                init_all
 *fill*         0x00000000c0001657        0x1 90909090
 .text          0x00000000c0001658      0x452 build/interrupt.o
                0x00000000c000199d                register_handler
                0x00000000c00019b9                intr_enable
                0x00000000c00019e2                intr_disable
                0x00000000c0001a0b                intr_set_status
                0x00000000c0001a29                intr_get_status
                0x00000000c0001a4c                idt_init
 *fill*         0x00000000c0001aaa        0x2 90909090
 .text          0x00000000c0001aac      0x195 build/timer.o
                0x00000000c0001be1                timer_init
 *fill*         0x00000000c0001c41        0xf 90909090
 .text          0x00000000c0001c50      0x648 build/kernel.o
                0x00000000c0001c50                intr_exit
 *fill*         0x00000000c0002298        0x8 90909090
 .text          0x00000000c00022a0      0x1a0 build/print.o
                0x00000000c00022a0                put_str
                0x00000000c00022c4                put_char
                0x00000000c000239b                put_int
                0x00000000c000241c                set_cursor
 .text          0x00000000c0002440       0xa5 build/debug.o
                0x00000000c0002440                panic_spin
 *fill*         0x00000000c00024e5        0x3 90909090
 .text          0x00000000c00024e8      0x555 build/memory.o
                0x00000000c000256d                pte_ptr
                0x00000000c000259e                pde_ptr
                0x00000000c000274e                malloc_page
                0x00000000c0002818                get_kernel_pages
                0x00000000c0002a08                mem_init
 *fill*         0x00000000c0002a3d        0x3 90909090
 .text          0x00000000c0002a40      0x270 build/bitmap.o
                0x00000000c0002a40                bitmap_init
                0x00000000c0002a67                bitmap_scan_test
                0x00000000c0002aa9                bitmap_scan
                0x00000000c0002bf7                bitmap_set
 .text          0x00000000c0002cb0      0x448 build/string.o
                0x00000000c0002cb0                memset
                0x00000000c0002d0c                memcpy
                0x00000000c0002d74                memcmp
                0x00000000c0002e04                strcpy
                0x00000000c0002e67                strlen
                0x00000000c0002ec1                strcmp
                0x00000000c0002f48                strchr
                0x00000000c0002fa8                strrchr
                0x00000000c0003011                strcat
                0x00000000c000308b                strchrs
 .text          0x00000000c00030f8      0x58e build/thread.o
                0x00000000c00030f8                running_thread
                0x00000000c0003123                thread_create
                0x00000000c0003199                init_thread
                0x00000000c0003234                thread_start
                0x00000000c00033af                schedule
                0x00000000c00034d7                thread_block
                0x00000000c000353e                thread_unblock
                0x00000000c0003649                thread_init
 *fill*         0x00000000c0003686        0x2 90909090
 .text          0x00000000c0003688      0x1e4 build/list.o
                0x00000000c0003688                list_init
                0x00000000c00036b5                list_insert_before
                0x00000000c00036f6                list_push
                0x00000000c0003713                list_append
                0x00000000c0003730                list_remove
                0x00000000c0003766                list_pop
                0x00000000c0003785                elem_find
                0x00000000c00037c0                list_traversal
                0x00000000c000381e                list_len
                0x00000000c0003853                list_empty
 *fill*         0x00000000c000386c        0x4 90909090
 .text          0x00000000c0003870       0x15 build/switch.o
                0x00000000c0003870                switch_to
 *fill*         0x00000000c0003885        0x3 90909090
 .text          0x00000000c0003888       0x9a build/console.o
                0x00000000c0003888                console_init
                0x00000000c000389c                console_acquire
                0x00000000c00038b0                console_release
                0x00000000c00038c4                console_put_str
                0x00000000c00038e1                console_put_char
                0x00000000c0003905                console_put_int
 *fill*         0x00000000c0003922        0x2 90909090
 .text          0x00000000c0003924      0x347 build/sync.o
                0x00000000c0003924                sema_init
                0x00000000c0003949                lock_init
                0x00000000c000397a                sema_down
                0x00000000c0003a8e                sema_up
                0x00000000c0003b44                lock_acquire
                0x00000000c0003bc0                lock_release
 *fill*         0x00000000c0003c6b        0x1 90909090
 .text          0x00000000c0003c6c      0x2d2 build/keyboard.o
                0x00000000c0003efe                keyboard_init
 *fill*         0x00000000c0003f3e        0x2 90909090
 .text          0x00000000c0003f40      0x2e1 build/ioqueue.o
                0x00000000c0003f40                ioqueue_init
                0x00000000c0003f9d                ioq_full
                0x00000000c0003fee                ioq_empty
                0x00000000c00040f3                ioq_getchar
                0x00000000c00041a1                ioq_putchar
 *fill*         0x00000000c0004221        0x3 90909090
 .text          0x00000000c0004224      0x1aa build/tss.o
                0x00000000c0004224                update_tss_esp
                0x00000000c000429f                tss_init
 *(.gnu.warning)

.fini
 *(.fini)
                0x00000000c00043ce                PROVIDE (__etext, .)
                0x00000000c00043ce                PROVIDE (_etext, .)
                0x00000000c00043ce                PROVIDE (etext, .)

.rodata         0x00000000c00043d0      0xaf8
 *(.rodata .rodata.* .gnu.linkonce.r.*)
 .rodata        0x00000000c00043d0       0x2b build/main.o
 .rodata        0x00000000c00043fb        0xa build/init.o
 *fill*         0x00000000c0004405        0x3 00
 .rodata        0x00000000c0004408      0x2c1 build/interrupt.o
 *fill*         0x00000000c00046c9        0x3 00
 .rodata        0x00000000c00046cc       0x6b build/timer.o
 .rodata        0x00000000c0004737       0x3f build/debug.o
 *fill*         0x00000000c0004776        0x2 00
 .rodata        0x00000000c0004778      0x110 build/memory.o
 .rodata        0x00000000c0004888       0x68 build/bitmap.o
 .rodata        0x00000000c00048f0       0xd8 build/string.o
 .rodata        0x00000000c00049c8      0x2be build/thread.o
 *fill*         0x00000000c0004c86        0x2 00
 .rodata        0x00000000c0004c88      0x12f build/sync.o
 .rodata        0x00000000c0004db7       0x35 build/keyboard.o
 .rodata        0x00000000c0004dec       0xb6 build/ioqueue.o
 .rodata        0x00000000c0004ea2       0x26 build/tss.o

.rodata1
 *(.rodata1)

.eh_frame_hdr
 *(.eh_frame_hdr)

.eh_frame
 *(.eh_frame)

.gcc_except_table
 *(.gcc_except_table .gcc_except_table.*)
                0x00000000c0004ec8                . = (ALIGN (0x1000) - ((0x1000 - .) & 0xfff))
                0x00000000c0005000                . = (0x1000 DATA_SEGMENT_ALIGN 0x1000)

.eh_frame
 *(.eh_frame)

.gcc_except_table
 *(.gcc_except_table .gcc_except_table.*)

.tdata
 *(.tdata .tdata.* .gnu.linkonce.td.*)

.tbss
 *(.tbss .tbss.* .gnu.linkonce.tb.*)
 *(.tcommon)

.preinit_array  0x00000000c0005000        0x0
                0x00000000c0005000                PROVIDE (__preinit_array_start, .)
 *(.preinit_array)
                0x00000000c0005000                PROVIDE (__preinit_array_end, .)

.init_array     0x00000000c0005000        0x0
                0x00000000c0005000                PROVIDE (__init_array_start, .)
 *(SORT(.init_array.*))
 *(.init_array)
                0x00000000c0005000                PROVIDE (__init_array_end, .)

.fini_array     0x00000000c0005000        0x0
                0x00000000c0005000                PROVIDE (__fini_array_start, .)
 *(.fini_array)
 *(SORT(.fini_array.*))
                0x00000000c0005000                PROVIDE (__fini_array_end, .)

.ctors
 *crtbegin.o(.ctors)
 *crtbegin?.o(.ctors)
 *(EXCLUDE_FILE(*crtend?.o *crtend.o) .ctors)
 *(SORT(.ctors.*))
 *(.ctors)

.dtors
 *crtbegin.o(.dtors)
 *crtbegin?.o(.dtors)
 *(EXCLUDE_FILE(*crtend?.o *crtend.o) .dtors)
 *(SORT(.dtors.*))
 *(.dtors)

.jcr
 *(.jcr)

.data.rel.ro
 *(.data.rel.ro.local* .gnu.linkonce.d.rel.ro.local.*)
 *(.data.rel.ro* .gnu.linkonce.d.rel.ro.*)

.dynamic
 *(.dynamic)

.got
 *(.got)
 *(.igot)
                0x00000000c0005000                . = (. DATA_SEGMENT_RELRO_END 0xc)

.got.plt        0x00000000c0005000        0x0
 *(.got.plt)
 *(.igot.plt)
 .igot.plt      0x0000000000000000        0x0 build/main.o

.data           0x00000000c0005000      0x158
 *(.data .data.* .gnu.linkonce.d.*)
 .data          0x00000000c0005000        0x0 build/main.o
 .data          0x00000000c0005000        0x0 build/init.o
 .data          0x00000000c0005000        0x0 build/interrupt.o
 .data          0x00000000c0005000        0x0 build/timer.o
 .data          0x00000000c0005000       0xd2 build/kernel.o
                0x00000000c0005012                intr_entry_table
 *fill*         0x00000000c00050d2        0x2 00
 .data          0x00000000c00050d4        0x8 build/print.o
 .data          0x00000000c00050dc        0x0 build/debug.o
 .data          0x00000000c00050dc        0x0 build/memory.o
 .data          0x00000000c00050dc        0x0 build/bitmap.o
 .data          0x00000000c00050dc        0x0 build/string.o
 .data          0x00000000c00050dc        0x0 build/thread.o
 .data          0x00000000c00050dc        0x0 build/list.o
 .data          0x00000000c00050dc        0x0 build/console.o
 .data          0x00000000c00050dc        0x0 build/sync.o
 *fill*         0x00000000c00050dc        0x4 00
 .data          0x00000000c00050e0       0x76 build/keyboard.o
 *fill*         0x00000000c0005156        0x2 00
 .data          0x00000000c0005158        0x0 build/ioqueue.o
 .data          0x00000000c0005158        0x0 build/tss.o

.data1
 *(.data1)

.sharable_data  0x00000000c0006000        0x0
                0x00000000c0006000                PROVIDE (__sharable_data_start, .)
 *(.sharable_data .sharable_data.* .gnu.linkonce.shrd.*)
                0x00000000c0006000                . = ALIGN ((. != 0x0)?0x1000:0x1)
                0x00000000c0006000                PROVIDE (__sharable_data_end, .)
                0x00000000c0006000                _edata = .
                0x00000000c0006000                PROVIDE (edata, .)
                0x00000000c0006000                __bss_start = .

.bss            0x00000000c0005160      0x48c
 *(.dynbss)
 *(.bss .bss.* .gnu.linkonce.b.*)
 .bss           0x00000000c0005160        0x0 build/main.o
 .bss           0x00000000c0005160        0x0 build/init.o
 .bss           0x00000000c0005160      0x180 build/interrupt.o
 .bss           0x00000000c00052e0        0x0 build/timer.o
 .bss           0x00000000c00052e0        0x0 build/debug.o
 .bss           0x00000000c00052e0        0x0 build/memory.o
 .bss           0x00000000c00052e0        0x0 build/bitmap.o
 .bss           0x00000000c00052e0        0x0 build/string.o
 .bss           0x00000000c00052e0        0x4 build/thread.o
 .bss           0x00000000c00052e4        0x0 build/list.o
 .bss           0x00000000c00052e4       0x1c build/console.o
 .bss           0x00000000c0005300        0x0 build/sync.o
 .bss           0x00000000c0005300       0x14 build/keyboard.o
 .bss           0x00000000c0005314        0x0 build/ioqueue.o
 *fill*         0x00000000c0005314        0xc 00
 .bss           0x00000000c0005320       0x68 build/tss.o
 *(COMMON)
 *fill*         0x00000000c0005388       0x18 00
 COMMON         0x00000000c00053a0      0x180 build/interrupt.o
                0x00000000c00053a0                intr_name
                0x00000000c0005460                idt_table
 COMMON         0x00000000c0005520        0x4 build/timer.o
                0x00000000c0005520                ticks
 COMMON         0x00000000c0005524       0x2c build/memory.o
                0x00000000c0005524                user_pool
                0x00000000c0005534                kernel_vaddr
                0x00000000c0005540                kernel_pool
 COMMON         0x00000000c0005550       0x24 build/thread.o
                0x00000000c0005550                thread_ready_list
                0x00000000c0005560                thread_all_list
                0x00000000c0005570                main_thread
 *fill*         0x00000000c0005574        0xc 00
 COMMON         0x00000000c0005580       0x6c build/keyboard.o
                0x00000000c0005580                kbd_buf
                0x00000000c00055ec                . = ALIGN ((. != 0x0)?0x4:0x1)

.sharable_bss   0x00000000c0006000        0x0
                0x00000000c0006000                PROVIDE (__sharable_bss_start, .)
 *(.dynsharablebss)
 *(.sharable_bss .sharable_bss.* .gnu.linkonce.shrb.*)
 *(SHARABLE_COMMON)
                0x00000000c0006000                . = ALIGN ((. != 0x0)?0x1000:0x1)
                0x00000000c0006000                PROVIDE (__sharable_bss_end, .)
                0x00000000c0006000                . = ALIGN (0x4)
                0x00000000c0006000                . = ALIGN (0x4)
                0x00000000c0006000                _end = .
                0x00000000c0006000                PROVIDE (end, .)
                0x00000000c0006000                . = DATA_SEGMENT_END (.)

.stab
 *(.stab)

.stabstr
 *(.stabstr)

.stab.excl
 *(.stab.excl)

.stab.exclstr
 *(.stab.exclstr)

.stab.index
 *(.stab.index)

.stab.indexstr
 *(.stab.indexstr)

.comment        0x0000000000000000       0x2d
 *(.comment)
 .comment       0x0000000000000000       0x2d build/main.o
                                         0x2e (size before relaxing)
 .comment       0x0000000000000000       0x2e build/init.o
 .comment       0x0000000000000000       0x2e build/interrupt.o
 .comment       0x0000000000000000       0x2e build/timer.o
 .comment       0x0000000000000000       0x2e build/debug.o
 .comment       0x0000000000000000       0x2e build/memory.o
 .comment       0x0000000000000000       0x2e build/bitmap.o
 .comment       0x0000000000000000       0x2e build/string.o
 .comment       0x0000000000000000       0x2e build/thread.o
 .comment       0x0000000000000000       0x2e build/list.o
 .comment       0x0000000000000000       0x2e build/console.o
 .comment       0x0000000000000000       0x2e build/sync.o
 .comment       0x0000000000000000       0x2e build/keyboard.o
 .comment       0x0000000000000000       0x2e build/ioqueue.o
 .comment       0x0000000000000000       0x2e build/tss.o

.debug
 *(.debug)

.line
 *(.line)

.debug_srcinfo
 *(.debug_srcinfo)

.debug_sfnames
 *(.debug_sfnames)

.debug_aranges
 *(.debug_aranges)

.debug_pubnames
 *(.debug_pubnames)

.debug_info
 *(.debug_info .gnu.linkonce.wi.*)

.debug_abbrev
 *(.debug_abbrev)

.debug_line
 *(.debug_line)

.debug_frame
 *(.debug_frame)

.debug_str
 *(.debug_str)

.debug_loc
 *(.debug_loc)

.debug_macinfo
 *(.debug_macinfo)

.debug_weaknames
 *(.debug_weaknames)

.debug_funcnames
 *(.debug_funcnames)

.debug_typenames
 *(.debug_typenames)

.debug_varnames
 *(.debug_varnames)

.debug_pubtypes
 *(.debug_pubtypes)

.debug_ranges
 *(.debug_ranges)

.gnu.attributes
 *(.gnu.attributes)

/DISCARD/
 *(.note.GNU-stack)
 *(.gnu_debuglink)
 *(.gnu.lto_*)
OUTPUT(build/kernel.bin elf32-i386)
