
Allocating common symbols
Common symbol       size              file

kbd_buf             0x6c              build/keyboard.o
thread_ready_list   0x10              build/thread.o
thread_all_list     0x10              build/thread.o
user_pool           0x2c              build/memory.o
intr_name           0xc0              build/interrupt.o
main_thread         0x4               build/thread.o
ticks               0x4               build/timer.o
kernel_vaddr        0xc               build/memory.o
idt_table           0xc0              build/interrupt.o
kernel_pool         0x2c              build/memory.o

Discarded input sections

 .note.GNU-stack
                0x0000000000000000        0x0 build/main.o
 .note.GNU-stack
                0x0000000000000000        0x0 build/init.o
 .note.GNU-stack
                0x0000000000000000        0x0 build/interrupt.o
 .note.GNU-stack
                0x0000000000000000        0x0 build/timer.o
 .note.GNU-stack
                0x0000000000000000        0x0 build/debug.o
 .note.GNU-stack
                0x0000000000000000        0x0 build/memory.o
 .note.GNU-stack
                0x0000000000000000        0x0 build/bitmap.o
 .note.GNU-stack
                0x0000000000000000        0x0 build/string.o
 .note.GNU-stack
                0x0000000000000000        0x0 build/thread.o
 .note.GNU-stack
                0x0000000000000000        0x0 build/list.o
 .note.GNU-stack
                0x0000000000000000        0x0 build/console.o
 .note.GNU-stack
                0x0000000000000000        0x0 build/sync.o
 .note.GNU-stack
                0x0000000000000000        0x0 build/keyboard.o
 .note.GNU-stack
                0x0000000000000000        0x0 build/ioqueue.o
 .note.GNU-stack
                0x0000000000000000        0x0 build/tss.o

Memory Configuration

Name             Origin             Length             Attributes
*default*        0x0000000000000000 0xffffffffffffffff

Linker script and memory map

Address of section .text set to 0xc0001500
LOAD build/main.o
LOAD build/init.o
LOAD build/interrupt.o
LOAD build/timer.o
LOAD build/kernel.o
LOAD build/print.o
LOAD build/debug.o
LOAD build/memory.o
LOAD build/bitmap.o
LOAD build/string.o
LOAD build/thread.o
LOAD build/list.o
LOAD build/switch.o
LOAD build/console.o
LOAD build/sync.o
LOAD build/keyboard.o
LOAD build/ioqueue.o
LOAD build/tss.o
                0x0000000008048000                PROVIDE (__executable_start, 0x8048000)
                0x0000000008048094                . = (0x8048000 + SIZEOF_HEADERS)

.interp
 *(.interp)

.note.gnu.build-id
 *(.note.gnu.build-id)

.hash
 *(.hash)

.gnu.hash
 *(.gnu.hash)

.dynsym
 *(.dynsym)

.dynstr
 *(.dynstr)

.gnu.version
 *(.gnu.version)

.gnu.version_d
 *(.gnu.version_d)

.gnu.version_r
 *(.gnu.version_r)

.rel.dyn        0x0000000008048094        0x0
 *(.rel.init)
 *(.rel.text .rel.text.* .rel.gnu.linkonce.t.*)
 .rel.text      0x0000000000000000        0x0 build/main.o
 *(.rel.fini)
 *(.rel.rodata .rel.rodata.* .rel.gnu.linkonce.r.*)
 *(.rel.data.rel.ro* .rel.gnu.linkonce.d.rel.ro.*)
 *(.rel.data .rel.data.* .rel.gnu.linkonce.d.*)
 *(.rel.tdata .rel.tdata.* .rel.gnu.linkonce.td.*)
 *(.rel.tbss .rel.tbss.* .rel.gnu.linkonce.tb.*)
 *(.rel.ctors)
 *(.rel.dtors)
 *(.rel.got)
 *(.rel.sharable_data .rel.sharable_data.* .rel.gnu.linkonce.shrd.*)
 *(.rel.sharable_bss .rel.sharable_bss.* .rel.gnu.linkonce.shrb.*)
 *(.rel.bss .rel.bss.* .rel.gnu.linkonce.b.*)
 *(.rel.ifunc)

.rel.plt        0x0000000008048094        0x0
 *(.rel.plt)
                0x0000000008048094                PROVIDE (__rel_iplt_start, .)
 *(.rel.iplt)
 .rel.iplt      0x0000000000000000        0x0 build/main.o
                0x0000000008048094                PROVIDE (__rel_iplt_end, .)

.init
 *(.init)

.plt            0x0000000008048094        0x0
 *(.plt)
 *(.iplt)
 .iplt          0x0000000000000000        0x0 build/main.o

.text           0x00000000c0001500     0x318e
 *(.text.unlikely .text.*_unlikely)
 *(.text .stub .text.* .gnu.linkonce.t.*)
 .text          0x00000000c0001500      0x11d build/main.o
                0x00000000c0001500                main
                0x00000000c0001569                k_thread_a
                0x00000000c00015c3                k_thread_b
 *fill*         0x00000000c000161d        0x3 90909090
 .text          0x00000000c0001620       0x37 build/init.o
                0x00000000c0001620                init_all
 *fill*         0x00000000c0001657        0x1 90909090
 .text          0x00000000c0001658      0x452 build/interrupt.o
                0x00000000c000199d                register_handler
                0x00000000c00019b9                intr_enable
                0x00000000c00019e2                intr_disable
                0x00000000c0001a0b                intr_set_status
                0x00000000c0001a29                intr_get_status
                0x00000000c0001a4c                idt_init
 *fill*         0x00000000c0001aaa        0x2 90909090
 .text          0x00000000c0001aac      0x195 build/timer.o
                0x00000000c0001be1                timer_init
 *fill*         0x00000000c0001c41        0xf 90909090
 .text          0x00000000c0001c50      0x648 build/kernel.o
                0x00000000c0001c50                intr_exit
 *fill*         0x00000000c0002298        0x8 90909090
 .text          0x00000000c00022a0      0x1a0 build/print.o
                0x00000000c00022a0                put_str
                0x00000000c00022c4                put_char
                0x00000000c000239b                put_int
                0x00000000c000241c                set_cursor
 .text          0x00000000c0002440       0xa5 build/debug.o
                0x00000000c0002440                panic_spin
 *fill*         0x00000000c00024e5        0x3 90909090
 .text          0x00000000c00024e8      0x80e build/memory.o
                0x00000000c000260e                pte_ptr
                0x00000000c000263f                pde_ptr
                0x00000000c00027ef                malloc_page
                0x00000000c00028b9                get_kernel_pages
                0x00000000c00028fd                get_user_pages
                0x00000000c0002959                get_a_page
                0x00000000c0002acf                addr_v2p
                0x00000000c0002cc1                mem_init
 *fill*         0x00000000c0002cf6        0x2 90909090
 .text          0x00000000c0002cf8      0x270 build/bitmap.o
                0x00000000c0002cf8                bitmap_init
                0x00000000c0002d1f                bitmap_scan_test
                0x00000000c0002d61                bitmap_scan
                0x00000000c0002eaf                bitmap_set
 .text          0x00000000c0002f68      0x448 build/string.o
                0x00000000c0002f68                memset
                0x00000000c0002fc4                memcpy
                0x00000000c000302c                memcmp
                0x00000000c00030bc                strcpy
                0x00000000c000311f                strlen
                0x00000000c0003179                strcmp
                0x00000000c0003200                strchr
                0x00000000c0003260                strrchr
                0x00000000c00032c9                strcat
                0x00000000c0003343                strchrs
 .text          0x00000000c00033b0      0x58e build/thread.o
                0x00000000c00033b0                running_thread
                0x00000000c00033db                thread_create
                0x00000000c0003451                init_thread
                0x00000000c00034ec                thread_start
                0x00000000c0003667                schedule
                0x00000000c000378f                thread_block
                0x00000000c00037f6                thread_unblock
                0x00000000c0003901                thread_init
 *fill*         0x00000000c000393e        0x2 90909090
 .text          0x00000000c0003940      0x1e4 build/list.o
                0x00000000c0003940                list_init
                0x00000000c000396d                list_insert_before
                0x00000000c00039ae                list_push
                0x00000000c00039cb                list_append
                0x00000000c00039e8                list_remove
                0x00000000c0003a1e                list_pop
                0x00000000c0003a3d                elem_find
                0x00000000c0003a78                list_traversal
                0x00000000c0003ad6                list_len
                0x00000000c0003b0b                list_empty
 *fill*         0x00000000c0003b24        0xc 90909090
 .text          0x00000000c0003b30       0x15 build/switch.o
                0x00000000c0003b30                switch_to
 *fill*         0x00000000c0003b45        0x3 90909090
 .text          0x00000000c0003b48       0x9a build/console.o
                0x00000000c0003b48                console_init
                0x00000000c0003b5c                console_acquire
                0x00000000c0003b70                console_release
                0x00000000c0003b84                console_put_str
                0x00000000c0003ba1                console_put_char
                0x00000000c0003bc5                console_put_int
 *fill*         0x00000000c0003be2        0x2 90909090
 .text          0x00000000c0003be4      0x347 build/sync.o
                0x00000000c0003be4                sema_init
                0x00000000c0003c09                lock_init
                0x00000000c0003c3a                sema_down
                0x00000000c0003d4e                sema_up
                0x00000000c0003e04                lock_acquire
                0x00000000c0003e80                lock_release
 *fill*         0x00000000c0003f2b        0x1 90909090
 .text          0x00000000c0003f2c      0x2d2 build/keyboard.o
                0x00000000c00041be                keyboard_init
 *fill*         0x00000000c00041fe        0x2 90909090
 .text          0x00000000c0004200      0x2e1 build/ioqueue.o
                0x00000000c0004200                ioqueue_init
                0x00000000c000425d                ioq_full
                0x00000000c00042ae                ioq_empty
                0x00000000c00043b3                ioq_getchar
                0x00000000c0004461                ioq_putchar
 *fill*         0x00000000c00044e1        0x3 90909090
 .text          0x00000000c00044e4      0x1aa build/tss.o
                0x00000000c00044e4                update_tss_esp
                0x00000000c000455f                tss_init
 *(.gnu.warning)

.fini
 *(.fini)
                0x00000000c000468e                PROVIDE (__etext, .)
                0x00000000c000468e                PROVIDE (_etext, .)
                0x00000000c000468e                PROVIDE (etext, .)

.rodata         0x00000000c0004690      0xba0
 *(.rodata .rodata.* .gnu.linkonce.r.*)
 .rodata        0x00000000c0004690       0x2b build/main.o
 .rodata        0x00000000c00046bb        0xa build/init.o
 *fill*         0x00000000c00046c5        0x3 00
 .rodata        0x00000000c00046c8      0x2c1 build/interrupt.o
 *fill*         0x00000000c0004989        0x3 00
 .rodata        0x00000000c000498c       0x6b build/timer.o
 .rodata        0x00000000c00049f7       0x3f build/debug.o
 *fill*         0x00000000c0004a36        0x2 00
 .rodata        0x00000000c0004a38      0x1b5 build/memory.o
 *fill*         0x00000000c0004bed        0x3 00
 .rodata        0x00000000c0004bf0       0x68 build/bitmap.o
 .rodata        0x00000000c0004c58       0xd8 build/string.o
 .rodata        0x00000000c0004d30      0x2be build/thread.o
 *fill*         0x00000000c0004fee        0x2 00
 .rodata        0x00000000c0004ff0      0x12f build/sync.o
 .rodata        0x00000000c000511f       0x35 build/keyboard.o
 .rodata        0x00000000c0005154       0xb6 build/ioqueue.o
 .rodata        0x00000000c000520a       0x26 build/tss.o

.rodata1
 *(.rodata1)

.eh_frame_hdr
 *(.eh_frame_hdr)

.eh_frame
 *(.eh_frame)

.gcc_except_table
 *(.gcc_except_table .gcc_except_table.*)
                0x00000000c0005230                . = (ALIGN (0x1000) - ((0x1000 - .) & 0xfff))
                0x00000000c0006230                . = (0x1000 DATA_SEGMENT_ALIGN 0x1000)

.eh_frame
 *(.eh_frame)

.gcc_except_table
 *(.gcc_except_table .gcc_except_table.*)

.tdata
 *(.tdata .tdata.* .gnu.linkonce.td.*)

.tbss
 *(.tbss .tbss.* .gnu.linkonce.tb.*)
 *(.tcommon)

.preinit_array  0x00000000c0006230        0x0
                0x00000000c0006230                PROVIDE (__preinit_array_start, .)
 *(.preinit_array)
                0x00000000c0006230                PROVIDE (__preinit_array_end, .)

.init_array     0x00000000c0006230        0x0
                0x00000000c0006230                PROVIDE (__init_array_start, .)
 *(SORT(.init_array.*))
 *(.init_array)
                0x00000000c0006230                PROVIDE (__init_array_end, .)

.fini_array     0x00000000c0006230        0x0
                0x00000000c0006230                PROVIDE (__fini_array_start, .)
 *(.fini_array)
 *(SORT(.fini_array.*))
                0x00000000c0006230                PROVIDE (__fini_array_end, .)

.ctors
 *crtbegin.o(.ctors)
 *crtbegin?.o(.ctors)
 *(EXCLUDE_FILE(*crtend?.o *crtend.o) .ctors)
 *(SORT(.ctors.*))
 *(.ctors)

.dtors
 *crtbegin.o(.dtors)
 *crtbegin?.o(.dtors)
 *(EXCLUDE_FILE(*crtend?.o *crtend.o) .dtors)
 *(SORT(.dtors.*))
 *(.dtors)

.jcr
 *(.jcr)

.data.rel.ro
 *(.data.rel.ro.local* .gnu.linkonce.d.rel.ro.local.*)
 *(.data.rel.ro* .gnu.linkonce.d.rel.ro.*)

.dynamic
 *(.dynamic)

.got
 *(.got)
 *(.igot)
                0x00000000c0006230                . = (. DATA_SEGMENT_RELRO_END 0xc)

.got.plt        0x00000000c0006230        0x0
 *(.got.plt)
 *(.igot.plt)
 .igot.plt      0x0000000000000000        0x0 build/main.o

.data           0x00000000c0006240      0x158
 *(.data .data.* .gnu.linkonce.d.*)
 .data          0x00000000c0006240        0x0 build/main.o
 .data          0x00000000c0006240        0x0 build/init.o
 .data          0x00000000c0006240        0x0 build/interrupt.o
 .data          0x00000000c0006240        0x0 build/timer.o
 .data          0x00000000c0006240       0xd2 build/kernel.o
                0x00000000c0006252                intr_entry_table
 *fill*         0x00000000c0006312        0x2 00
 .data          0x00000000c0006314        0x8 build/print.o
 .data          0x00000000c000631c        0x0 build/debug.o
 .data          0x00000000c000631c        0x0 build/memory.o
 .data          0x00000000c000631c        0x0 build/bitmap.o
 .data          0x00000000c000631c        0x0 build/string.o
 .data          0x00000000c000631c        0x0 build/thread.o
 .data          0x00000000c000631c        0x0 build/list.o
 .data          0x00000000c000631c        0x0 build/console.o
 .data          0x00000000c000631c        0x0 build/sync.o
 *fill*         0x00000000c000631c        0x4 00
 .data          0x00000000c0006320       0x76 build/keyboard.o
 *fill*         0x00000000c0006396        0x2 00
 .data          0x00000000c0006398        0x0 build/ioqueue.o
 .data          0x00000000c0006398        0x0 build/tss.o

.data1
 *(.data1)

.sharable_data  0x00000000c0007000        0x0
                0x00000000c0007000                PROVIDE (__sharable_data_start, .)
 *(.sharable_data .sharable_data.* .gnu.linkonce.shrd.*)
                0x00000000c0007000                . = ALIGN ((. != 0x0)?0x1000:0x1)
                0x00000000c0007000                PROVIDE (__sharable_data_end, .)
                0x00000000c0007000                _edata = .
                0x00000000c0007000                PROVIDE (edata, .)
                0x00000000c0007000                __bss_start = .

.bss            0x00000000c00063a0      0x4ec
 *(.dynbss)
 *(.bss .bss.* .gnu.linkonce.b.*)
 .bss           0x00000000c00063a0        0x0 build/main.o
 .bss           0x00000000c00063a0        0x0 build/init.o
 .bss           0x00000000c00063a0      0x180 build/interrupt.o
 .bss           0x00000000c0006520        0x0 build/timer.o
 .bss           0x00000000c0006520        0x0 build/debug.o
 .bss           0x00000000c0006520        0x0 build/memory.o
 .bss           0x00000000c0006520        0x0 build/bitmap.o
 .bss           0x00000000c0006520        0x0 build/string.o
 .bss           0x00000000c0006520        0x4 build/thread.o
 .bss           0x00000000c0006524        0x0 build/list.o
 .bss           0x00000000c0006524       0x1c build/console.o
 .bss           0x00000000c0006540        0x0 build/sync.o
 .bss           0x00000000c0006540       0x14 build/keyboard.o
 .bss           0x00000000c0006554        0x0 build/ioqueue.o
 *fill*         0x00000000c0006554        0xc 00
 .bss           0x00000000c0006560       0x68 build/tss.o
 *(COMMON)
 *fill*         0x00000000c00065c8       0x18 00
 COMMON         0x00000000c00065e0      0x180 build/interrupt.o
                0x00000000c00065e0                intr_name
                0x00000000c00066a0                idt_table
 COMMON         0x00000000c0006760        0x4 build/timer.o
                0x00000000c0006760                ticks
 *fill*         0x00000000c0006764       0x1c 00
 COMMON         0x00000000c0006780       0x6c build/memory.o
                0x00000000c0006780                user_pool
                0x00000000c00067ac                kernel_vaddr
                0x00000000c00067c0                kernel_pool
 COMMON         0x00000000c00067ec       0x24 build/thread.o
                0x00000000c00067ec                thread_ready_list
                0x00000000c00067fc                thread_all_list
                0x00000000c000680c                main_thread
 *fill*         0x00000000c0006810       0x10 00
 COMMON         0x00000000c0006820       0x6c build/keyboard.o
                0x00000000c0006820                kbd_buf
                0x00000000c000688c                . = ALIGN ((. != 0x0)?0x4:0x1)

.sharable_bss   0x00000000c0007000        0x0
                0x00000000c0007000                PROVIDE (__sharable_bss_start, .)
 *(.dynsharablebss)
 *(.sharable_bss .sharable_bss.* .gnu.linkonce.shrb.*)
 *(SHARABLE_COMMON)
                0x00000000c0007000                . = ALIGN ((. != 0x0)?0x1000:0x1)
                0x00000000c0007000                PROVIDE (__sharable_bss_end, .)
                0x00000000c0007000                . = ALIGN (0x4)
                0x00000000c0007000                . = ALIGN (0x4)
                0x00000000c0007000                _end = .
                0x00000000c0007000                PROVIDE (end, .)
                0x00000000c0007000                . = DATA_SEGMENT_END (.)

.stab
 *(.stab)

.stabstr
 *(.stabstr)

.stab.excl
 *(.stab.excl)

.stab.exclstr
 *(.stab.exclstr)

.stab.index
 *(.stab.index)

.stab.indexstr
 *(.stab.indexstr)

.comment        0x0000000000000000       0x2d
 *(.comment)
 .comment       0x0000000000000000       0x2d build/main.o
                                         0x2e (size before relaxing)
 .comment       0x0000000000000000       0x2e build/init.o
 .comment       0x0000000000000000       0x2e build/interrupt.o
 .comment       0x0000000000000000       0x2e build/timer.o
 .comment       0x0000000000000000       0x2e build/debug.o
 .comment       0x0000000000000000       0x2e build/memory.o
 .comment       0x0000000000000000       0x2e build/bitmap.o
 .comment       0x0000000000000000       0x2e build/string.o
 .comment       0x0000000000000000       0x2e build/thread.o
 .comment       0x0000000000000000       0x2e build/list.o
 .comment       0x0000000000000000       0x2e build/console.o
 .comment       0x0000000000000000       0x2e build/sync.o
 .comment       0x0000000000000000       0x2e build/keyboard.o
 .comment       0x0000000000000000       0x2e build/ioqueue.o
 .comment       0x0000000000000000       0x2e build/tss.o

.debug
 *(.debug)

.line
 *(.line)

.debug_srcinfo
 *(.debug_srcinfo)

.debug_sfnames
 *(.debug_sfnames)

.debug_aranges
 *(.debug_aranges)

.debug_pubnames
 *(.debug_pubnames)

.debug_info
 *(.debug_info .gnu.linkonce.wi.*)

.debug_abbrev
 *(.debug_abbrev)

.debug_line
 *(.debug_line)

.debug_frame
 *(.debug_frame)

.debug_str
 *(.debug_str)

.debug_loc
 *(.debug_loc)

.debug_macinfo
 *(.debug_macinfo)

.debug_weaknames
 *(.debug_weaknames)

.debug_funcnames
 *(.debug_funcnames)

.debug_typenames
 *(.debug_typenames)

.debug_varnames
 *(.debug_varnames)

.debug_pubtypes
 *(.debug_pubtypes)

.debug_ranges
 *(.debug_ranges)

.gnu.attributes
 *(.gnu.attributes)

/DISCARD/
 *(.note.GNU-stack)
 *(.gnu_debuglink)
 *(.gnu.lto_*)
OUTPUT(build/kernel.bin elf32-i386)
